<html>
<body>
<pre>
<h1>µVision Build Log</h1>
<h2>Tool Versions:</h2>
IDE-Version: µVision V5.41.0.0
Copyright (C) 2024 ARM Ltd and ARM Germany GmbH. All rights reserved.
License Information: Francesco Pio De Dominicis Politecnico di Torino Flex license: MDK Professional 5.41 (Flex) (mdk_pro) Operation stops: 15 Aug 2025
 
Tool Versions:
Toolchain:       MDK Professional 5.41 (Flex)  Version: 5.41.0.0
Toolchain Path:  C:\Users\francescodedominicis\AppData\Local\Keil_v5\ARM\ARMCLANG\Bin
C Compiler:      ArmClang.exe V6.22
Assembler:       Armasm.exe V6.22
Linker/Locator:  ArmLink.exe V6.22
Library Manager: ArmAr.exe V6.22
Hex Converter:   FromElf.exe V6.22
CPU DLL:         SARMCM3.DLL V5.41.0.0
Dialog DLL:      DARMP1.DLL V1.28.1.0
Target DLL:      UL2CM3.DLL V1.164.14.0
Dialog DLL:      TARMP1.DLL V1.27.1.0
 
<h2>Project:</h2>
\\Mac\Home\Desktop\POLITO\Primo Semestre\Architetture_SE\extra_points\extrapoints2\sample.uvprojx
Project File Date:  01/20/2025

<h2>Output:</h2>
*** Using Compiler 'V6.22', folder: 'C:\Users\francescodedominicis\AppData\Local\Keil_v5\ARM\ARMCLANG\Bin'
Rebuild target 'SW_DEBUG'
assembling startup_LPC17xx.s...
creating preprocessor file for sample.c...
creating preprocessor file for map.c...
compiling sample.c...
creating preprocessor file for ending_image.c...
compiling ending_image.c...
map.c(369): warning: tentative array definition assumed to have one element
  369 | PillToRestore pills_to_restore[];
      |               ^
1 warning generated.
compiling map.c...
creating preprocessor file for system_LPC17xx.c...
compiling system_LPC17xx.c...
creating preprocessor file for IRQ_timer.c...
creating preprocessor file for lib_timer.c...
Source/timer/IRQ_timer.c(438): warning: implicitly declaring library function 'abs' with type 'int (int)' [-Wimplicit-function-declaration]
  438 |                                 if (ghost_xspd != -1 && !is_wall(current_x + 1, current_y)) distances[0] = abs((current_x + 1) - pacmanx_tile) + abs(current_y - pacmany_tile);
      |                                                                                                            ^
Source/timer/IRQ_timer.c(438): note: include the header <math.h> or explicitly provide a declaration for 'abs'
1 warning generated.
compiling IRQ_timer.c...
compiling lib_timer.c...
creating preprocessor file for AsciiLib.c...
creating preprocessor file for GLCD.c...
compiling AsciiLib.c...
creating preprocessor file for HzLib.c...
creating preprocessor file for TouchPanel.c...
compiling GLCD.c...
compiling TouchPanel.c...
creating preprocessor file for IRQ_adc.c...
creating preprocessor file for lib_adc.c...
compiling IRQ_adc.c...
compiling HzLib.c...
creating preprocessor file for IRQ_button.c...
compiling lib_adc.c...
compiling IRQ_button.c...
creating preprocessor file for lib_button.c...
compiling lib_button.c...
creating preprocessor file for funct_joystick.c...
compiling funct_joystick.c...
creating preprocessor file for lib_joystick.c...
compiling lib_joystick.c...
creating preprocessor file for funct_led.c...
creating preprocessor file for lib_led.c...
compiling funct_led.c...
compiling lib_led.c...
creating preprocessor file for IRQ_RIT.c...
compiling IRQ_RIT.c...
creating preprocessor file for lib_RIT.c...
creating preprocessor file for music.c...
compiling lib_RIT.c...
compiling music.c...
creating preprocessor file for IRQ_CAN.c...
Source/CAN/IRQ_CAN.c(50): warning: implicitly declaring library function 'sprintf' with type 'int (char *__restrict, const char *__restrict, ...)' [-Wimplicit-function-declaration]
   50 |                 sprintf(stringscore, "%d", readscore);
      |                 ^
Source/CAN/IRQ_CAN.c(50): note: include the header <stdio.h> or explicitly provide a declaration for 'sprintf'
1 warning generated.
compiling IRQ_CAN.c...
creating preprocessor file for lib_CAN.c...
compiling lib_CAN.c...
linking...
Program Size: Code=18556 RO-data=1816 RW-data=10320 ZI-data=9864  
".\Objects\sample_GLCD_TP.axf" - 0 Error(s), 3 Warning(s).

<h2>Software Packages used:</h2>

Package Vendor: ARM
                https://www.keil.com/pack/ARM.CMSIS.6.1.0.pack
                ARM::CMSIS@6.1.0
                CMSIS (Common Microcontroller Software Interface Standard)
   * Component: CORE Version: 6.1.0

Package Vendor: Keil
                http://www.keil.com/pack/Keil.LPC1700_DFP.2.6.0.pack
                Keil::LPC1700_DFP@2.6.0
                NXP LPC1700 Series Device Support, Drivers and Examples for MCB1700 and LPC1788-32

<h2>Collection of Component include folders:</h2>
  ./RTE/_SW_DEBUG
  C:/Users/francescodedominicis/AppData/Local/Arm/Packs/ARM/CMSIS/6.1.0/CMSIS/Core/Include
  C:/Users/francescodedominicis/AppData/Local/Arm/Packs/Keil/LPC1700_DFP/2.6.0/Device/Include

<h2>Collection of Component Files used:</h2>

   * Component: ARM::CMSIS:CORE@6.1.0
Build Time Elapsed:  00:00:06
</pre>
</body>
</html>
