Component: Arm Compiler for Embedded 6.22 Tool: armlink [5ee90200]

==============================================================================

Section Cross References

    startup_lpc17xx.o(STACK) refers (Special) to heapauxi.o(.text) for __use_two_region_memory
    startup_lpc17xx.o(HEAP) refers (Special) to heapauxi.o(.text) for __use_two_region_memory
    startup_lpc17xx.o(RESET) refers (Special) to heapauxi.o(.text) for __use_two_region_memory
    startup_lpc17xx.o(RESET) refers to startup_lpc17xx.o(STACK) for __initial_sp
    startup_lpc17xx.o(RESET) refers to startup_lpc17xx.o(.text) for Reset_Handler
    startup_lpc17xx.o(RESET) refers to irq_timer.o(.text) for TIMER0_IRQHandler
    startup_lpc17xx.o(RESET) refers to irq_button.o(.text) for EINT0_IRQHandler
    startup_lpc17xx.o(RESET) refers to irq_adc.o(.text) for ADC_IRQHandler
    startup_lpc17xx.o(RESET) refers to irq_can.o(.text) for CAN_IRQHandler
    startup_lpc17xx.o(RESET) refers to irq_rit.o(.text) for RIT_IRQHandler
    startup_lpc17xx.o(.ARM.__at_0x02FC) refers (Special) to heapauxi.o(.text) for __use_two_region_memory
    startup_lpc17xx.o(.text) refers (Special) to heapauxi.o(.text) for __use_two_region_memory
    startup_lpc17xx.o(.text) refers to __main.o(!!!main) for __main
    startup_lpc17xx.o(.text) refers to startup_lpc17xx.o(HEAP) for Heap_Mem
    startup_lpc17xx.o(.text) refers to startup_lpc17xx.o(STACK) for Stack_Mem
    sample.o(.text) refers to glcd.o(.text) for LCD_SetPoint
    sample.o(.text) refers to sample.o(.data.pacman_life) for pacman_life
    sample.o(.text) refers to system_lpc17xx.o(.text) for SystemInit
    sample.o(.text) refers to lib_button.o(.text) for BUTTON_init
    sample.o(.text) refers to lib_adc.o(.text) for ADC_init
    sample.o(.text) refers to lib_can.o(.text) for CAN_Init
    sample.o(.text) refers to lib_joystick.o(.text) for joystick_init
    sample.o(.text) refers to lib_rit.o(.text) for init_RIT
    sample.o(.text) refers to map.o(.text) for drawMap
    sample.o(.text) refers to sample.o(.data.pause) for pause
    sample.o(.text) refers to lib_timer.o(.text) for init_timer
    sample.o(.text) refers to sample.o(.data.ghost_speed) for ghost_speed
    sample.o(.ARM.exidx) refers to sample.o(.text) for [Anonymous Symbol]
    map.o(.text) refers to sample.o(.data.lives) for lives
    map.o(.text) refers to lib_can.o(.bss.CAN_TxMsg) for CAN_TxMsg
    map.o(.text) refers to sample.o(.data.timer) for timer
    map.o(.text) refers to map.o(.bss.score) for score
    map.o(.text) refers to lib_can.o(.text) for CAN_wrMsg
    map.o(.text) refers to map.o(.bss.random_buffer) for random_buffer
    map.o(.text) refers to rt_memclr_w.o(.text) for __aeabi_memclr4
    map.o(.text) refers to irq_adc.o(.bss.AD_current) for AD_current
    map.o(.text) refers to rand.o(.text) for srand
    map.o(.text) refers to rand.o(.emb_text) for rand
    map.o(.text) refers to glcd.o(.text) for GUI_Text
    map.o(.text) refers to irq_timer.o(.bss.gameover) for gameover
    map.o(.text) refers to lib_timer.o(.text) for disable_timer
    map.o(.text) refers to map.o(.bss.remainingPills) for remainingPills
    map.o(.text) refers to map.o(.bss.map) for map
    map.o(.text) refers to map.o(.data.layout) for layout
    map.o(.text) refers to map.o(.bss.cord_y) for cord_y
    map.o(.text) refers to map.o(.bss.cord_x) for cord_x
    map.o(.text) refers to sample.o(.bss.scoreLivesCounter) for scoreLivesCounter
    map.o(.text) refers to map.o(.bss.superPacman) for superPacman
    map.o(.text) refers to map.o(.bss.superTimer) for superTimer
    map.o(.text) refers to irq_timer.o(.text) for showVictory
    map.o(.text) refers to irq_timer.o(.data.current_xspd) for current_xspd
    map.o(.text) refers to irq_timer.o(.data.x0) for x0
    map.o(.text) refers to irq_timer.o(.data.y0) for y0
    map.o(.text) refers to irq_timer.o(.bss.current_yspd) for current_yspd
    map.o(.text) refers to map.o(.bss.buffer_index) for buffer_index
    map.o(.text) refers to map.o(.bss.pills_to_restore) for pills_to_restore
    map.o(.ARM.exidx) refers to map.o(.text) for [Anonymous Symbol]
    system_lpc17xx.o(.text) refers to system_lpc17xx.o(.data.SystemFrequency) for SystemFrequency
    system_lpc17xx.o(.text) refers to system_lpc17xx.o(.bss.ScaleFlag) for ScaleFlag
    system_lpc17xx.o(.ARM.exidx) refers to system_lpc17xx.o(.text) for [Anonymous Symbol]
    irq_timer.o(.text) refers to sample.o(.bss.empty_life) for empty_life
    irq_timer.o(.text) refers to glcd.o(.text) for LCD_SetPoint
    irq_timer.o(.text) refers to map.o(.text) for nextIsWallDirection
    irq_timer.o(.text) refers to irq_timer.o(.data.current_xspd) for current_xspd
    irq_timer.o(.text) refers to irq_timer.o(.bss.current_yspd) for current_yspd
    irq_timer.o(.text) refers to sample.o(.bss.nextInput) for nextInput
    irq_timer.o(.text) refers to irq_timer.o(.bss.gameover) for gameover
[...]
    _get_argv_nomalloc.o(.text) refers to sys_command.o(.text) for _sys_command_string
    libinit.o(.ARM.Collect$$libinit$$00000000) refers (Special) to libinit2.o(.ARM.Collect$$libinit$$00000030) for __rt_lib_init_alloca_1
    libinit.o(.ARM.Collect$$libinit$$00000000) refers (Special) to libinit2.o(.ARM.Collect$$libinit$$0000002E) for __rt_lib_init_argv_1
    libinit.o(.ARM.Collect$$libinit$$00000000) refers (Special) to libinit2.o(.ARM.Collect$$libinit$$0000001D) for __rt_lib_init_atexit_1
    libinit.o(.ARM.Collect$$libinit$$00000000) refers (Special) to libinit2.o(.ARM.Collect$$libinit$$00000023) for __rt_lib_init_clock_1
    libinit.o(.ARM.Collect$$libinit$$00000000) refers (Special) to libinit2.o(.ARM.Collect$$libinit$$00000034) for __rt_lib_init_cpp_1
    libinit.o(.ARM.Collect$$libinit$$00000000) refers (Special) to libinit2.o(.ARM.Collect$$libinit$$00000032) for __rt_lib_init_exceptions_1
    libinit.o(.ARM.Collect$$libinit$$00000000) refers (Special) to libinit2.o(.ARM.Collect$$libinit$$00000002) for __rt_lib_init_fp_1
    libinit.o(.ARM.Collect$$libinit$$00000000) refers (Special) to libinit2.o(.ARM.Collect$$libinit$$00000021) for __rt_lib_init_fp_trap_1
    libinit.o(.ARM.Collect$$libinit$$00000000) refers (Special) to libinit2.o(.ARM.Collect$$libinit$$00000025) for __rt_lib_init_getenv_1
    libinit.o(.ARM.Collect$$libinit$$00000000) refers (Special) to libinit2.o(.ARM.Collect$$libinit$$0000000C) for __rt_lib_init_heap_1
    libinit.o(.ARM.Collect$$libinit$$00000000) refers (Special) to libinit2.o(.ARM.Collect$$libinit$$00000013) for __rt_lib_init_lc_collate_1
    libinit.o(.ARM.Collect$$libinit$$00000000) refers (Special) to libinit2.o(.ARM.Collect$$libinit$$00000015) for __rt_lib_init_lc_ctype_1
    libinit.o(.ARM.Collect$$libinit$$00000000) refers (Special) to libinit2.o(.ARM.Collect$$libinit$$00000017) for __rt_lib_init_lc_monetary_1
    libinit.o(.ARM.Collect$$libinit$$00000000) refers (Special) to libinit2.o(.ARM.Collect$$libinit$$00000019) for __rt_lib_init_lc_numeric_1
    libinit.o(.ARM.Collect$$libinit$$00000000) refers (Special) to libinit2.o(.ARM.Collect$$libinit$$0000001B) for __rt_lib_init_lc_time_1
    libinit.o(.ARM.Collect$$libinit$$00000000) refers (Special) to libinit2.o(.ARM.Collect$$libinit$$00000006) for __rt_lib_init_preinit_1
    libinit.o(.ARM.Collect$$libinit$$00000000) refers (Special) to libinit2.o(.ARM.Collect$$libinit$$00000010) for __rt_lib_init_rand_1
    libinit.o(.ARM.Collect$$libinit$$00000000) refers (Special) to libinit2.o(.ARM.Collect$$libinit$$00000004) for __rt_lib_init_relocate_pie_1
    libinit.o(.ARM.Collect$$libinit$$00000000) refers (Special) to libinit2.o(.ARM.Collect$$libinit$$00000035) for __rt_lib_init_return
    libinit.o(.ARM.Collect$$libinit$$00000000) refers (Special) to libinit2.o(.ARM.Collect$$libinit$$0000001F) for __rt_lib_init_signal_1
    libinit.o(.ARM.Collect$$libinit$$00000000) refers (Special) to libinit2.o(.ARM.Collect$$libinit$$00000027) for __rt_lib_init_stdio_1
    libinit.o(.ARM.Collect$$libinit$$00000000) refers (Special) to libinit2.o(.ARM.Collect$$libinit$$0000000E) for __rt_lib_init_user_alloc_1
    sys_command.o(.text) refers (Special) to use_no_semi.o(.text) for __I$use$semihosting
    sys_command.o(.text) refers (Special) to indicate_semi.o(.text) for __semihosting_library_function
    sys_command_hlt.o(.text) refers (Special) to use_no_semi.o(.text) for __I$use$semihosting
    sys_command_hlt.o(.text) refers (Special) to indicate_semi.o(.text) for __semihosting_library_function
    libspace.o(.text) refers to libspace.o(.bss) for __libspace_start
    rtexit.o(.ARM.Collect$$rtexit$$00000000) refers (Special) to rtexit2.o(.ARM.Collect$$rtexit$$00000004) for __rt_exit_exit
    rtexit.o(.ARM.Collect$$rtexit$$00000000) refers (Special) to rtexit2.o(.ARM.Collect$$rtexit$$00000003) for __rt_exit_ls
    rtexit.o(.ARM.Collect$$rtexit$$00000000) refers (Special) to rtexit2.o(.ARM.Collect$$rtexit$$00000002) for __rt_exit_prels_1
    rtexit.o(.ARM.exidx) refers (Special) to rtexit2.o(.ARM.Collect$$rtexit$$00000004) for __rt_exit_exit
    rtexit.o(.ARM.exidx) refers (Special) to rtexit2.o(.ARM.Collect$$rtexit$$00000003) for __rt_exit_ls
    rtexit.o(.ARM.exidx) refers (Special) to rtexit2.o(.ARM.Collect$$rtexit$$00000002) for __rt_exit_prels_1
    rtexit.o(.ARM.exidx) refers to rtexit.o(.ARM.Collect$$rtexit$$00000000) for .ARM.Collect$$rtexit$$00000000
    defsig_rtmem_outer.o(.text) refers to defsig_rtmem_inner.o(.text) for __rt_SIGRTMEM_inner
    defsig_rtmem_outer.o(.text) refers to defsig_exit.o(.text) for __sig_exit
    defsig_rtmem_formal.o(.text) refers to rt_raise.o(.text) for __rt_raise
    rtexit2.o(.ARM.Collect$$rtexit$$00000003) refers to libshutdown.o(.ARM.Collect$$libshutdown$$00000000) for __rt_lib_shutdown
    rtexit2.o(.ARM.Collect$$rtexit$$00000004) refers to sys_exit.o(.text) for _sys_exit
    rtexit2.o(.ARM.exidx) refers to rtexit2.o(.ARM.Collect$$rtexit$$00000001) for .ARM.Collect$$rtexit$$00000001
    rtexit2.o(.ARM.exidx) refers to rtexit2.o(.ARM.Collect$$rtexit$$00000003) for .ARM.Collect$$rtexit$$00000003
    rtexit2.o(.ARM.exidx) refers to rtexit2.o(.ARM.Collect$$rtexit$$00000004) for .ARM.Collect$$rtexit$$00000004
    rt_raise.o(.text) refers to __raise.o(.text) for __raise
    rt_raise.o(.text) refers to sys_exit.o(.text) for _sys_exit
    defsig_exit.o(.text) refers to sys_exit.o(.text) for _sys_exit
    defsig_rtmem_inner.o(.text) refers to defsig_general.o(.text) for __default_signal_display
    sys_exit.o(.text) refers (Special) to use_no_semi.o(.text) for __I$use$semihosting
    sys_exit.o(.text) refers (Special) to indicate_semi.o(.text) for __semihosting_library_function
    sys_exit_hlt.o(.text) refers (Special) to use_no_semi.o(.text) for __I$use$semihosting
    sys_exit_hlt.o(.text) refers (Special) to indicate_semi.o(.text) for __semihosting_library_function
    __raise.o(.text) refers to defsig.o(CL$$defsig) for __default_signal_handler
    defsig_general.o(.text) refers to sys_wrch.o(.text) for _ttywrch
    libshutdown.o(.ARM.Collect$$libshutdown$$00000000) refers (Special) to libshutdown2.o(.ARM.Collect$$libshutdown$$00000002) for __rt_lib_shutdown_cpp_1
    libshutdown.o(.ARM.Collect$$libshutdown$$00000000) refers (Special) to libshutdown2.o(.ARM.Collect$$libshutdown$$00000007) for __rt_lib_shutdown_fp_trap_1
    libshutdown.o(.ARM.Collect$$libshutdown$$00000000) refers (Special) to libshutdown2.o(.ARM.Collect$$libshutdown$$0000000F) for __rt_lib_shutdown_heap_1
    libshutdown.o(.ARM.Collect$$libshutdown$$00000000) refers (Special) to libshutdown2.o(.ARM.Collect$$libshutdown$$00000010) for __rt_lib_shutdown_return
    libshutdown.o(.ARM.Collect$$libshutdown$$00000000) refers (Special) to libshutdown2.o(.ARM.Collect$$libshutdown$$0000000A) for __rt_lib_shutdown_signal_1
    libshutdown.o(.ARM.Collect$$libshutdown$$00000000) refers (Special) to libshutdown2.o(.ARM.Collect$$libshutdown$$00000004) for __rt_lib_shutdown_stdio_1
    libshutdown.o(.ARM.Collect$$libshutdown$$00000000) refers (Special) to libshutdown2.o(.ARM.Collect$$libshutdown$$0000000C) for __rt_lib_shutdown_user_alloc_1
    sys_wrch.o(.text) refers (Special) to use_no_semi.o(.text) for __I$use$semihosting
    sys_wrch.o(.text) refers (Special) to indicate_semi.o(.text) for __semihosting_library_function
    sys_wrch_hlt.o(.text) refers (Special) to use_no_semi.o(.text) for __I$use$semihosting
    sys_wrch_hlt.o(.text) refers (Special) to indicate_semi.o(.text) for __semihosting_library_function
    defsig.o(CL$$defsig) refers to defsig_rtmem_inner.o(.text) for __rt_SIGRTMEM_inner
    defsig_abrt_inner.o(.text) refers to defsig_general.o(.text) for __default_signal_display
    defsig_fpe_inner.o(.text) refers to defsig_general.o(.text) for __default_signal_display
    defsig_rtred_inner.o(.text) refers to defsig_general.o(.text) for __default_signal_display
    defsig_stak_inner.o(.text) refers to defsig_general.o(.text) for __default_signal_display
    defsig_pvfn_inner.o(.text) refers to defsig_general.o(.text) for __default_signal_display
    defsig_cppl_inner.o(.text) refers to defsig_general.o(.text) for __default_signal_display
    defsig_segv_inner.o(.text) refers to defsig_general.o(.text) for __default_signal_display
    defsig_other.o(.text) refers to defsig_general.o(.text) for __default_signal_display


==============================================================================

Removing Unused input sections from the image.

    Removing sample.o(.ARM.exidx), (32 bytes).
    Removing sample.o(.bss.remainingTime), (3 bytes).
    Removing sample.o(.ARM.use_no_argv), (4 bytes).
    Removing map.o(.ARM.exidx), (168 bytes).
    Removing map.o(.bss.stringscore), (10 bytes).
    Removing ending_image.o(.text), (0 bytes).
    Removing system_lpc17xx.o(.ARM.exidx), (8 bytes).
    Removing irq_timer.o(.ARM.exidx), (64 bytes).
    Removing irq_timer.o(.rodata.cst16), (16 bytes).
    Removing lib_timer.o(.ARM.exidx), (32 bytes).
    Removing asciilib.o(.ARM.exidx), (8 bytes).
    Removing glcd.o(.ARM.exidx), (56 bytes).
    Removing hzlib.o(.text), (36 bytes).
    Removing hzlib.o(.ARM.exidx), (8 bytes).
    Removing hzlib.o(.rodata.HzLib), (216576 bytes).
    Removing touchpanel.o(.text), (3366 bytes).
    Removing touchpanel.o(.ARM.exidx), (128 bytes).
    Removing touchpanel.o(.data.DisplaySample), (12 bytes).
    Removing touchpanel.o(.bss.Read_Ads7846.screen), (4 bytes).
    Removing touchpanel.o(.rodata.str1.1), (29 bytes).
    Removing touchpanel.o(.bss.ScreenSample), (12 bytes).
    Removing touchpanel.o(.bss.matrix), (56 bytes).
    Removing touchpanel.o(.bss.display), (4 bytes).
    Removing irq_adc.o(.ARM.exidx), (8 bytes).
    Removing lib_adc.o(.ARM.exidx), (16 bytes).
    Removing irq_button.o(.ARM.exidx), (24 bytes).
    Removing lib_button.o(.ARM.exidx), (8 bytes).
    Removing funct_joystick.o(.text), (2 bytes).
    Removing funct_joystick.o(.ARM.exidx), (8 bytes).
    Removing lib_joystick.o(.ARM.exidx), (8 bytes).
    Removing funct_led.o(.text), (152 bytes).
    Removing funct_led.o(.ARM.exidx), (24 bytes).
    Removing funct_led.o(.rodata.led_mask), (32 bytes).
    Removing lib_led.o(.text), (70 bytes).
    Removing lib_led.o(.ARM.exidx), (16 bytes).
    Removing lib_led.o(.bss.led_value), (1 bytes).
    Removing irq_rit.o(.ARM.exidx), (16 bytes).
    Removing lib_rit.o(.ARM.exidx), (32 bytes).
    Removing music.o(.ARM.exidx), (16 bytes).
    Removing irq_can.o(.ARM.exidx), (8 bytes).
    Removing lib_can.o(.ARM.exidx), (56 bytes).
    Removing lib_can.o(.rodata.CAN_BIT_TIME), (68 bytes).

42 unused section(s) (total 221197 bytes) removed from the image.

==============================================================================

Image Symbol Table

    Local Symbols

    Symbol Name                              Value     Ov Type        Size  Object(Section)

    ../clib/angel/boardlib.s                 0x00000000   Number         0  boardinit1.o ABSOLUTE
    ../clib/angel/boardlib.s                 0x00000000   Number         0  boardinit2.o ABSOLUTE
    ../clib/angel/boardlib.s                 0x00000000   Number         0  boardinit3.o ABSOLUTE
    ../clib/angel/boardlib.s                 0x00000000   Number         0  boardshut.o ABSOLUTE
    ../clib/angel/dclz77c.s                  0x00000000   Number         0  __dclz77c.o ABSOLUTE
    ../clib/angel/handlers.s                 0x00000000   Number         0  __scatter_zi.o ABSOLUTE
    ../clib/angel/kernel.s                   0x00000000   Number         0  __rtentry.o ABSOLUTE
    ../clib/angel/kernel.s                   0x00000000   Number         0  __rtentry2.o ABSOLUTE
    ../clib/angel/kernel.s                   0x00000000   Number         0  __rtentry4.o ABSOLUTE
    ../clib/angel/kernel.s                   0x00000000   Number         0  rtexit.o ABSOLUTE
    ../clib/angel/kernel.s                   0x00000000   Number         0  rtexit2.o ABSOLUTE
    ../clib/angel/rt.s                       0x00000000   Number         0  rt_raise.o ABSOLUTE
    ../clib/angel/scatter.s                  0x00000000   Number         0  __scatter.o ABSOLUTE
    ../clib/angel/startup.s                  0x00000000   Number         0  __main.o ABSOLUTE
    ../clib/angel/sys.s                      0x00000000   Number         0  sys_stackheap_outer.o ABSOLUTE
    ../clib/angel/sys.s                      0x00000000   Number         0  libspace.o ABSOLUTE
    ../clib/angel/sys.s                      0x00000000   Number         0  use_no_semi.o ABSOLUTE
    ../clib/angel/sys.s                      0x00000000   Number         0  indicate_semi.o ABSOLUTE
    ../clib/angel/sysapp.c                   0x00000000   Number         0  sys_command.o ABSOLUTE
    ../clib/angel/sysapp.c                   0x00000000   Number         0  sys_command_hlt.o ABSOLUTE
    ../clib/angel/sysapp.c                   0x00000000   Number         0  sys_exit.o ABSOLUTE
    ../clib/angel/sysapp.c                   0x00000000   Number         0  sys_exit_hlt.o ABSOLUTE
    ../clib/angel/sysapp.c                   0x00000000   Number         0  sys_wrch.o ABSOLUTE
    ../clib/angel/sysapp.c                   0x00000000   Number         0  sys_wrch_hlt.o ABSOLUTE
    ../clib/armsys.c                         0x00000000   Number         0  argv_veneer.o ABSOLUTE
    ../clib/armsys.c                         0x00000000   Number         0  argv_veneer.o ABSOLUTE
    ../clib/armsys.c                         0x00000000   Number         0  _get_argv_nomalloc.o ABSOLUTE
    ../clib/armsys.c                         0x00000000   Number         0  no_argv.o ABSOLUTE
    ../clib/heapalloc.c                      0x00000000   Number         0  hrguard.o ABSOLUTE
    ../clib/heapaux.c                        0x00000000   Number         0  heapauxi.o ABSOLUTE
    ../clib/libinit.s                        0x00000000   Number         0  libinit2.o ABSOLUTE
    ../clib/libinit.s                        0x00000000   Number         0  libinit.o ABSOLUTE
    ../clib/libinit.s                        0x00000000   Number         0  libshutdown.o ABSOLUTE
    ../clib/libinit.s                        0x00000000   Number         0  libshutdown2.o ABSOLUTE
    ../clib/memcpset.s                       0x00000000   Number         0  rt_memcpy_v6.o ABSOLUTE
    ../clib/memcpset.s                       0x00000000   Number         0  rt_memclr_w.o ABSOLUTE
    ../clib/memcpset.s                       0x00000000   Number         0  rt_memcpy_w.o ABSOLUTE
    ../clib/printf.c                         0x00000000   Number         0  __2sprintf.o ABSOLUTE
    ../clib/printf.c                         0x00000000   Number         0  noretval__2sprintf.o ABSOLUTE
    ../clib/printf.c                         0x00000000   Number         0  __printf.o ABSOLUTE
    ../clib/printf.c                         0x00000000   Number         0  _printf_dec.o ABSOLUTE
    ../clib/printf.c                         0x00000000   Number         0  __printf_flags.o ABSOLUTE
    ../clib/printf.c                         0x00000000   Number         0  __printf_ss.o ABSOLUTE
    ../clib/printf.c                         0x00000000   Number         0  __printf_flags_ss.o ABSOLUTE
    ../clib/printf.c                         0x00000000   Number         0  __printf_wp.o ABSOLUTE
    ../clib/printf.c                         0x00000000   Number         0  __printf_flags_wp.o ABSOLUTE
    ../clib/printf.c                         0x00000000   Number         0  __printf_ss_wp.o ABSOLUTE
    ../clib/printf.c                         0x00000000   Number         0  __printf_flags_ss_wp.o ABSOLUTE
    ../clib/printf.c                         0x00000000   Number         0  _printf_intcommon.o ABSOLUTE
    ../clib/printf.c                         0x00000000   Number         0  _printf_char_common.o ABSOLUTE
    ../clib/printf.c                         0x00000000   Number         0  _sputc.o ABSOLUTE
    ../clib/printf.c                         0x00000000   Number         0  __printf_nopercent.o ABSOLUTE
    ../clib/printf_percent.s                 0x00000000   Number         0  _printf_d.o ABSOLUTE
    ../clib/printf_percent.s                 0x00000000   Number         0  _printf_percent.o ABSOLUTE
    ../clib/printf_percent.s                 0x00000000   Number         0  _printf_percent_end.o ABSOLUTE
    ../clib/signal.c                         0x00000000   Number         0  defsig_rtmem_outer.o ABSOLUTE
    ../clib/signal.c                         0x00000000   Number         0  defsig_rtmem_formal.o ABSOLUTE
    ../clib/signal.c                         0x00000000   Number         0  defsig_exit.o ABSOLUTE
    ../clib/signal.c                         0x00000000   Number         0  defsig_rtmem_inner.o ABSOLUTE
    ../clib/signal.c                         0x00000000   Number         0  __raise.o ABSOLUTE
    ../clib/signal.c                         0x00000000   Number         0  defsig_general.o ABSOLUTE
    ../clib/signal.c                         0x00000000   Number         0  defsig_abrt_inner.o ABSOLUTE
    ../clib/signal.c                         0x00000000   Number         0  defsig_fpe_inner.o ABSOLUTE
    ../clib/signal.c                         0x00000000   Number         0  defsig_rtred_inner.o ABSOLUTE
    ../clib/signal.c                         0x00000000   Number         0  defsig_stak_inner.o ABSOLUTE
    ../clib/signal.c                         0x00000000   Number         0  defsig_pvfn_inner.o ABSOLUTE
    ../clib/signal.c                         0x00000000   Number         0  defsig_cppl_inner.o ABSOLUTE
    ../clib/signal.c                         0x00000000   Number         0  defsig_segv_inner.o ABSOLUTE
    ../clib/signal.c                         0x00000000   Number         0  defsig_other.o ABSOLUTE
    ../clib/signal.s                         0x00000000   Number         0  defsig.o ABSOLUTE
    ../clib/stdlib.c                         0x00000000   Number         0  rand.o ABSOLUTE
    ../clib/stdlib.c                         0x00000000   Number         0  rand.o ABSOLUTE
    ../clib/stdlib.c                         0x00000000   Number         0  exit.o ABSOLUTE
    ../fplib/daddsub.s                       0x00000000   Number         0  daddsub_clz.o ABSOLUTE
    ../fplib/dcmp.s                          0x00000000   Number         0  dcmp.o ABSOLUTE
    ../fplib/dcmpi.s                         0x00000000   Number         0  dcmpi.o ABSOLUTE
    ../fplib/ddiv.s                          0x00000000   Number         0  ddiv.o ABSOLUTE
    ../fplib/deqf.s                          0x00000000   Number         0  deqf.o ABSOLUTE
    ../fplib/dfix.s                          0x00000000   Number         0  dfix.o ABSOLUTE
    ../fplib/dfixu.s                         0x00000000   Number         0  dfixu.o ABSOLUTE
    ../fplib/dflt.s                          0x00000000   Number         0  dflt_clz.o ABSOLUTE
    ../fplib/dgeqf.s                         0x00000000   Number         0  dgeqf.o ABSOLUTE
    ../fplib/dleqf.s                         0x00000000   Number         0  dleqf.o ABSOLUTE
    ../fplib/dmul.s                          0x00000000   Number         0  dmul.o ABSOLUTE
    ../fplib/dnaninf.s                       0x00000000   Number         0  dnaninf.o ABSOLUTE
    ../fplib/dretinf.s                       0x00000000   Number         0  dretinf.o ABSOLUTE
    ../fplib/fpinit.s                        0x00000000   Number         0  fpinit.o ABSOLUTE
    ../fplib/fpinit_empty.s                  0x00000000   Number         0  fpinit_empty.o ABSOLUTE
    ../fplib/usenofp.s                       0x00000000   Number         0  usenofp.o ABSOLUTE
    AsciiLib.c                               0x00000000   Number         0  asciilib.o ABSOLUTE
    GLCD.c                                   0x00000000   Number         0  glcd.o ABSOLUTE
    HzLib.c                                  0x00000000   Number         0  hzlib.o ABSOLUTE
    IRQ_CAN.c                                0x00000000   Number         0  irq_can.o ABSOLUTE
    IRQ_RIT.c                                0x00000000   Number         0  irq_rit.o ABSOLUTE
    IRQ_adc.c                                0x00000000   Number         0  irq_adc.o ABSOLUTE
    IRQ_button.c                             0x00000000   Number         0  irq_button.o ABSOLUTE
    IRQ_timer.c                              0x00000000   Number         0  irq_timer.o ABSOLUTE
    Source\startup_LPC17xx.s                 0x00000000   Number         0  startup_lpc17xx.o ABSOLUTE
    TouchPanel.c                             0x00000000   Number         0  touchpanel.o ABSOLUTE
    dc.s                                     0x00000000   Number         0  dc.o ABSOLUTE
    ending_image.c                           0x00000000   Number         0  ending_image.o ABSOLUTE
    funct_joystick.c                         0x00000000   Number         0  funct_joystick.o ABSOLUTE
    funct_led.c                              0x00000000   Number         0  funct_led.o ABSOLUTE
    lib_CAN.c                                0x00000000   Number         0  lib_can.o ABSOLUTE
    lib_RIT.c                                0x00000000   Number         0  lib_rit.o ABSOLUTE
    lib_adc.c                                0x00000000   Number         0  lib_adc.o ABSOLUTE
    lib_button.c                             0x00000000   Number         0  lib_button.o ABSOLUTE
    lib_joystick.c                           0x00000000   Number         0  lib_joystick.o ABSOLUTE
    lib_led.c                                0x00000000   Number         0  lib_led.o ABSOLUTE
    lib_timer.c                              0x00000000   Number         0  lib_timer.o ABSOLUTE
    map.c                                    0x00000000   Number         0  map.o ABSOLUTE
    music.c                                  0x00000000   Number         0  music.o ABSOLUTE
    sample.c                                 0x00000000   Number         0  sample.o ABSOLUTE
    system_LPC17xx.c                         0x00000000   Number         0  system_lpc17xx.o ABSOLUTE
    RESET                                    0x00000000   Section      204  startup_lpc17xx.o(RESET)
    !!!main                                  0x000000cc   Section        8  __main.o(!!!main)
    !!!scatter                               0x000000d4   Section       92  __scatter.o(!!!scatter)
    !!dclz77c                                0x00000130   Section      100  __dclz77c.o(!!dclz77c)
    !!handler_null                           0x00000194   Section        2  __scatter.o(!!handler_null)
    !!handler_zi                             0x00000198   Section       28  __scatter_zi.o(!!handler_zi)
    .ARM.Collect$$_printf_percent$$00000000  0x000001b4   Section        0  _printf_percent.o(.ARM.Collect$$_printf_percent$$00000000)
    .ARM.Collect$$_printf_percent$$00000009  0x000001b4   Section        6  _printf_d.o(.ARM.Collect$$_printf_percent$$00000009)
    .ARM.Collect$$_printf_percent$$00000017  0x000001ba   Section        4  _printf_percent_end.o(.ARM.Collect$$_printf_percent$$00000017)
    .ARM.Collect$$libinit$$00000000          0x000001be   Section        2  libinit.o(.ARM.Collect$$libinit$$00000000)
    .ARM.Collect$$libinit$$00000002          0x000001c0   Section        0  libinit2.o(.ARM.Collect$$libinit$$00000002)
    .ARM.Collect$$libinit$$00000004          0x000001c0   Section        0  libinit2.o(.ARM.Collect$$libinit$$00000004)
    .ARM.Collect$$libinit$$00000006          0x000001c0   Section        0  libinit2.o(.ARM.Collect$$libinit$$00000006)
    .ARM.Collect$$libinit$$0000000C          0x000001c0   Section        0  libinit2.o(.ARM.Collect$$libinit$$0000000C)
    .ARM.Collect$$libinit$$0000000E          0x000001c0   Section        0  libinit2.o(.ARM.Collect$$libinit$$0000000E)
    .ARM.Collect$$libinit$$0000000F          0x000001c0   Section        4  libinit2.o(.ARM.Collect$$libinit$$0000000F)
    .ARM.Collect$$libinit$$00000010          0x000001c4   Section        0  libinit2.o(.ARM.Collect$$libinit$$00000010)
    .ARM.Collect$$libinit$$00000013          0x000001c4   Section        0  libinit2.o(.ARM.Collect$$libinit$$00000013)
    .ARM.Collect$$libinit$$00000015          0x000001c4   Section        0  libinit2.o(.ARM.Collect$$libinit$$00000015)
    .ARM.Collect$$libinit$$00000017          0x000001c4   Section        0  libinit2.o(.ARM.Collect$$libinit$$00000017)
    .ARM.Collect$$libinit$$00000019          0x000001c4   Section        0  libinit2.o(.ARM.Collect$$libinit$$00000019)
    .ARM.Collect$$libinit$$0000001B          0x000001c4   Section        0  libinit2.o(.ARM.Collect$$libinit$$0000001B)
    .ARM.Collect$$libinit$$0000001D          0x000001c4   Section        0  libinit2.o(.ARM.Collect$$libinit$$0000001D)
    .ARM.Collect$$libinit$$0000001F          0x000001c4   Section        0  libinit2.o(.ARM.Collect$$libinit$$0000001F)
    .ARM.Collect$$libinit$$00000021          0x000001c4   Section        0  libinit2.o(.ARM.Collect$$libinit$$00000021)
    .ARM.Collect$$libinit$$00000023          0x000001c4   Section        0  libinit2.o(.ARM.Collect$$libinit$$00000023)
    .ARM.Collect$$libinit$$00000025          0x000001c4   Section        0  libinit2.o(.ARM.Collect$$libinit$$00000025)
    .ARM.Collect$$libinit$$00000027          0x000001c4   Section        0  libinit2.o(.ARM.Collect$$libinit$$00000027)
    .ARM.Collect$$libinit$$0000002E          0x000001c4   Section        0  libinit2.o(.ARM.Collect$$libinit$$0000002E)
    .ARM.Collect$$libinit$$00000030          0x000001c4   Section        0  libinit2.o(.ARM.Collect$$libinit$$00000030)
    .ARM.Collect$$libinit$$00000032          0x000001c4   Section        0  libinit2.o(.ARM.Collect$$libinit$$00000032)
    .ARM.Collect$$libinit$$00000034          0x000001c4   Section        0  libinit2.o(.ARM.Collect$$libinit$$00000034)
    .ARM.Collect$$libinit$$00000035          0x000001c4   Section        2  libinit2.o(.ARM.Collect$$libinit$$00000035)
    .ARM.Collect$$libshutdown$$00000000      0x000001c6   Section        2  libshutdown.o(.ARM.Collect$$libshutdown$$00000000)
    .ARM.Collect$$libshutdown$$00000002      0x000001c8   Section        0  libshutdown2.o(.ARM.Collect$$libshutdown$$00000002)
    .ARM.Collect$$libshutdown$$00000004      0x000001c8   Section        0  libshutdown2.o(.ARM.Collect$$libshutdown$$00000004)
    .ARM.Collect$$libshutdown$$00000007      0x000001c8   Section        0  libshutdown2.o(.ARM.Collect$$libshutdown$$00000007)
    .ARM.Collect$$libshutdown$$0000000A      0x000001c8   Section        0  libshutdown2.o(.ARM.Collect$$libshutdown$$0000000A)
    .ARM.Collect$$libshutdown$$0000000C      0x000001c8   Section        0  libshutdown2.o(.ARM.Collect$$libshutdown$$0000000C)
    .ARM.Collect$$libshutdown$$0000000F      0x000001c8   Section        0  libshutdown2.o(.ARM.Collect$$libshutdown$$0000000F)
    .ARM.Collect$$libshutdown$$00000010      0x000001c8   Section        2  libshutdown2.o(.ARM.Collect$$libshutdown$$00000010)
    .ARM.Collect$$rtentry$$00000000          0x000001ca   Section        0  __rtentry.o(.ARM.Collect$$rtentry$$00000000)
    .ARM.Collect$$rtentry$$00000002          0x000001ca   Section        0  __rtentry2.o(.ARM.Collect$$rtentry$$00000002)
    .ARM.Collect$$rtentry$$00000004          0x000001ca   Section        6  __rtentry4.o(.ARM.Collect$$rtentry$$00000004)
    .ARM.Collect$$rtentry$$00000009          0x000001d0   Section        0  __rtentry2.o(.ARM.Collect$$rtentry$$00000009)
    .ARM.Collect$$rtentry$$0000000A          0x000001d0   Section        4  __rtentry2.o(.ARM.Collect$$rtentry$$0000000A)
    .ARM.Collect$$rtentry$$0000000C          0x000001d4   Section        0  __rtentry2.o(.ARM.Collect$$rtentry$$0000000C)
    .ARM.Collect$$rtentry$$0000000D          0x000001d4   Section        8  __rtentry2.o(.ARM.Collect$$rtentry$$0000000D)
    .ARM.Collect$$rtexit$$00000000           0x000001dc   Section        2  rtexit.o(.ARM.Collect$$rtexit$$00000000)
    .ARM.Collect$$rtexit$$00000002           0x000001de   Section        0  rtexit2.o(.ARM.Collect$$rtexit$$00000002)
    .ARM.Collect$$rtexit$$00000003           0x000001de   Section        4  rtexit2.o(.ARM.Collect$$rtexit$$00000003)
    .ARM.Collect$$rtexit$$00000004           0x000001e2   Section        6  rtexit2.o(.ARM.Collect$$rtexit$$00000004)
    .emb_text                                0x000001e8   Section       52  rand.o(.emb_text)
    .text                                    0x0000021c   Section       52  startup_lpc17xx.o(.text)
    [Anonymous Symbol]                       0x00000250   Section        0  asciilib.o(.text)
    [Anonymous Symbol]                       0x0000027c   Section        0  irq_adc.o(.text)
    [Anonymous Symbol]                       0x000002a8   Section        0  lib_joystick.o(.text)
    .text                                    0x000002cc   Section        0  noretval__2sprintf.o(.text)
    .text                                    0x000002f4   Section        0  heapauxi.o(.text)
    .text                                    0x000002fa   Section        2  use_no_semi.o(.text)
    .ARM.__at_0x02FC                         0x000002fc   Section        4  startup_lpc17xx.o(.ARM.__at_0x02FC)
    [Anonymous Symbol]                       0x00000300   Section        0  sample.o(.text)
    [Anonymous Symbol]                       0x00000778   Section        0  map.o(.text)
    [Anonymous Symbol]                       0x000013c0   Section        0  system_lpc17xx.o(.text)
    [Anonymous Symbol]                       0x00001510   Section        0  irq_timer.o(.text)
    [Anonymous Symbol]                       0x00001f5c   Section        0  lib_timer.o(.text)
    [Anonymous Symbol]                       0x00002150   Section        0  glcd.o(.text)
    [Anonymous Symbol]                       0x00003878   Section        0  lib_adc.o(.text)
    [Anonymous Symbol]                       0x000038d4   Section        0  irq_button.o(.text)
    [Anonymous Symbol]                       0x000039a0   Section        0  lib_button.o(.text)
    [Anonymous Symbol]                       0x00003a1c   Section        0  irq_rit.o(.text)
    [Anonymous Symbol]                       0x00003cf0   Section        0  lib_rit.o(.text)
    [Anonymous Symbol]                       0x00003d64   Section        0  music.o(.text)
    [Anonymous Symbol]                       0x00003e08   Section        0  irq_can.o(.text)
    [Anonymous Symbol]                       0x00003edc   Section        0  lib_can.o(.text)
    .text                                    0x000043d2   Section        0  __printf.o(.text)
    .text                                    0x0000443c   Section        0  _printf_dec.o(.text)
    .text                                    0x000044b4   Section        0  rand.o(.text)
    .text                                    0x000044f0   Section       78  rt_memclr_w.o(.text)
    .text                                    0x0000453e   Section        0  _printf_intcommon.o(.text)
    _printf_input_char                       0x000045f1   Thumb Code    10  _printf_char_common.o(.text)
    .text                                    0x000045f0   Section        0  _printf_char_common.o(.text)
    .text                                    0x00004620   Section        0  _sputc.o(.text)
    .text                                    0x0000462a   Section       74  sys_stackheap_outer.o(.text)
    .text                                    0x00004674   Section        0  exit.o(.text)
    .text                                    0x00004688   Section        8  libspace.o(.text)
    .text                                    0x00004690   Section        0  indicate_semi.o(.text)
    .text                                    0x00004690   Section        0  sys_exit.o(.text)
    x$fpl$dfixu                              0x0000469c   Section       90  dfixu.o(x$fpl$dfixu)
    x$fpl$dflt                               0x000046f6   Section       46  dflt_clz.o(x$fpl$dflt)
    x$fpl$dfltu                              0x00004724   Section       38  dflt_clz.o(x$fpl$dfltu)
    x$fpl$dmul                               0x0000474c   Section      340  dmul.o(x$fpl$dmul)
    x$fpl$dnaninf                            0x000048a0   Section      156  dnaninf.o(x$fpl$dnaninf)
    x$fpl$dretinf                            0x0000493c   Section       12  dretinf.o(x$fpl$dretinf)
    AsciiLib                                 0x00004948   Data        1520  asciilib.o(.rodata.AsciiLib)
    [Anonymous Symbol]                       0x00004948   Section        0  asciilib.o(.rodata.AsciiLib)
    x$fpl$usenofp                            0x00004948   Section        0  usenofp.o(x$fpl$usenofp)
    .L.str.1                                 0x00004f38   Data          23  irq_timer.o(.rodata.str1.1)
    [Anonymous Symbol]                       0x00004f38   Section        0  irq_timer.o(.rodata.str1.1)
    .L.str                                   0x00004f4f   Data           3  irq_can.o(.rodata.str1.1)
    [Anonymous Symbol]                       0x00004f4f   Section        0  irq_can.o(.rodata.str1.1)
    .bss                                     0x10000360   Section      228  rand.o(.bss)
    CAN_wrFilter.CAN_ext_cnt                 0x10000468   Data           4  lib_can.o(.bss.CAN_wrFilter.CAN_ext_cnt)
    [Anonymous Symbol]                       0x10000468   Section        0  lib_can.o(.bss.CAN_wrFilter.CAN_ext_cnt)
    RIT_IRQHandler.j_right                   0x1000046c   Data           4  irq_rit.o(.bss.RIT_IRQHandler.j_right)
    [Anonymous Symbol]                       0x1000046c   Section        0  irq_rit.o(.bss.RIT_IRQHandler.j_right)
    RIT_IRQHandler.j_select                  0x10000470   Data           4  irq_rit.o(.bss.RIT_IRQHandler.j_select)
    [Anonymous Symbol]                       0x10000470   Section        0  irq_rit.o(.bss.RIT_IRQHandler.j_select)
    RIT_IRQHandler.j_up                      0x10000474   Data           4  irq_rit.o(.bss.RIT_IRQHandler.j_up)
    [Anonymous Symbol]                       0x10000474   Section        0  irq_rit.o(.bss.RIT_IRQHandler.j_up)
    TIMER0_IRQHandler.sineticks              0x10000478   Data           4  irq_timer.o(.bss.TIMER0_IRQHandler.sineticks)
    [Anonymous Symbol]                       0x10000478   Section        0  irq_timer.o(.bss.TIMER0_IRQHandler.sineticks)
    playPacmanTheme.currentNote              0x10001f94   Data           4  irq_rit.o(.bss.playPacmanTheme.currentNote)
    [Anonymous Symbol]                       0x10001f94   Section        0  irq_rit.o(.bss.playPacmanTheme.currentNote)
    Heap_Mem                                 0x10002368   Data           0  startup_lpc17xx.o(HEAP)
    Stack_Mem                                0x10002368   Data        1024  startup_lpc17xx.o(STACK)
    HEAP                                     0x10002368   Section        0  startup_lpc17xx.o(HEAP)
    STACK                                    0x10002368   Section     1024  startup_lpc17xx.o(STACK)
    __initial_sp                             0x10002768   Data           0  startup_lpc17xx.o(STACK)
    .bss                                     0x2007e4f0   Section       96  libspace.o(.bss)
    CAN_wrFilter.CAN_std_cnt                 0x2007e550   Data           4  lib_can.o(.bss.CAN_wrFilter.CAN_std_cnt)
    [Anonymous Symbol]                       0x2007e550   Section        0  lib_can.o(.bss.CAN_wrFilter.CAN_std_cnt)
    RIT_IRQHandler.j_down                    0x2007e554   Data           4  irq_rit.o(.bss.RIT_IRQHandler.j_down)
    [Anonymous Symbol]                       0x2007e554   Section        0  irq_rit.o(.bss.RIT_IRQHandler.j_down)
    RIT_IRQHandler.j_left                    0x2007e558   Data           4  irq_rit.o(.bss.RIT_IRQHandler.j_left)
    [Anonymous Symbol]                       0x2007e558   Section        0  irq_rit.o(.bss.RIT_IRQHandler.j_left)
    playPacmanTheme.ticks                    0x2007e754   Data           4  irq_rit.o(.bss.playPacmanTheme.ticks)
    [Anonymous Symbol]                       0x2007e754   Section        0  irq_rit.o(.bss.playPacmanTheme.ticks)

    Global Symbols

    Symbol Name                              Value     Ov Type        Size  Object(Section)

    BuildAttributes$$THM_ISAv4$P$D$K$B$S$PE$A:L22UL41UL21$X:L11$S22US41US21$IEEE1$IW$~IW$USESV6$~STKCKD$USESV7$~SHL$OTIME$ROPI$EBA8$UX$STANDARDLIB$REQ8$PRES8$EABIv2 0x00000000   Number         0  anon$$obj.o ABSOLUTE
    __Vectors                                0x00000000   Data           4  startup_lpc17xx.o(RESET)
    __fp_init_empty                          0x00000000   Number         0  fpinit_empty.o ABSOLUTE
    __ARM_exceptions_init                     - Undefined Weak Reference
    __alloca_initialize                       - Undefined Weak Reference
    __arm_preinit_                            - Undefined Weak Reference
    __arm_relocate_pie_                       - Undefined Weak Reference
    __cpp_initialize__aeabi_                  - Undefined Weak Reference
    __cxa_finalize                            - Undefined Weak Reference
    __rt_locale                               - Undefined Weak Reference
    __sigvec_lookup                           - Undefined Weak Reference
    _atexit_init                              - Undefined Weak Reference
    _call_atexit_fns                          - Undefined Weak Reference
    _clock_init                               - Undefined Weak Reference
    _fp_trap_init                             - Undefined Weak Reference
    _fp_trap_shutdown                         - Undefined Weak Reference
    _get_lc_collate                           - Undefined Weak Reference
    _get_lc_ctype                             - Undefined Weak Reference
    _get_lc_monetary                          - Undefined Weak Reference
    _get_lc_numeric                           - Undefined Weak Reference
    _get_lc_time                              - Undefined Weak Reference
    _getenv_init                              - Undefined Weak Reference
    _handle_redirection                       - Undefined Weak Reference
    _init_alloc                               - Undefined Weak Reference
    _init_user_alloc                          - Undefined Weak Reference
    _initio                                   - Undefined Weak Reference
    _printf_post_padding                      - Undefined Weak Reference
    _printf_pre_padding                       - Undefined Weak Reference
    _printf_truncate_signed                   - Undefined Weak Reference
    _printf_truncate_unsigned                 - Undefined Weak Reference
    _signal_finish                            - Undefined Weak Reference
    _signal_init                              - Undefined Weak Reference
    _terminate_alloc                          - Undefined Weak Reference
    _terminate_user_alloc                     - Undefined Weak Reference
    _terminateio                              - Undefined Weak Reference
    __main                                   0x000000cd   Thumb Code     8  __main.o(!!!main)
    __scatterload                            0x000000d5   Thumb Code     0  __scatter.o(!!!scatter)
    __scatterload_rt2                        0x000000d5   Thumb Code    84  __scatter.o(!!!scatter)
    __scatterload_rt2_thumb_only             0x000000d5   Thumb Code     0  __scatter.o(!!!scatter)
    __scatterload_loop                       0x000000df   Thumb Code     0  __scatter.o(!!!scatter)
    __decompress                             0x00000131   Thumb Code   100  __dclz77c.o(!!dclz77c)
    __decompress2                            0x00000131   Thumb Code     0  __dclz77c.o(!!dclz77c)
    __scatterload_null                       0x00000195   Thumb Code     2  __scatter.o(!!handler_null)
    __scatterload_zeroinit                   0x00000199   Thumb Code    28  __scatter_zi.o(!!handler_zi)
    _printf_d                                0x000001b5   Thumb Code     0  _printf_d.o(.ARM.Collect$$_printf_percent$$00000009)
    _printf_percent                          0x000001b5   Thumb Code     0  _printf_percent.o(.ARM.Collect$$_printf_percent$$00000000)
    _printf_percent_end                      0x000001bb   Thumb Code     0  _printf_percent_end.o(.ARM.Collect$$_printf_percent$$00000017)
    __rt_lib_init                            0x000001bf   Thumb Code     0  libinit.o(.ARM.Collect$$libinit$$00000000)
    __rt_lib_init_fp_1                       0x000001c1   Thumb Code     0  libinit2.o(.ARM.Collect$$libinit$$00000002)
    __rt_lib_init_heap_1                     0x000001c1   Thumb Code     0  libinit2.o(.ARM.Collect$$libinit$$0000000C)
    __rt_lib_init_preinit_1                  0x000001c1   Thumb Code     0  libinit2.o(.ARM.Collect$$libinit$$00000006)
    __rt_lib_init_rand_2                     0x000001c1   Thumb Code     0  libinit2.o(.ARM.Collect$$libinit$$0000000F)
    __rt_lib_init_relocate_pie_1             0x000001c1   Thumb Code     0  libinit2.o(.ARM.Collect$$libinit$$00000004)
    __rt_lib_init_user_alloc_1               0x000001c1   Thumb Code     0  libinit2.o(.ARM.Collect$$libinit$$0000000E)
    __rt_lib_init_alloca_1                   0x000001c5   Thumb Code     0  libinit2.o(.ARM.Collect$$libinit$$00000030)
    __rt_lib_init_argv_1                     0x000001c5   Thumb Code     0  libinit2.o(.ARM.Collect$$libinit$$0000002E)
    __rt_lib_init_atexit_1                   0x000001c5   Thumb Code     0  libinit2.o(.ARM.Collect$$libinit$$0000001D)
    __rt_lib_init_clock_1                    0x000001c5   Thumb Code     0  libinit2.o(.ARM.Collect$$libinit$$00000023)
    __rt_lib_init_cpp_1                      0x000001c5   Thumb Code     0  libinit2.o(.ARM.Collect$$libinit$$00000034)
    __rt_lib_init_exceptions_1               0x000001c5   Thumb Code     0  libinit2.o(.ARM.Collect$$libinit$$00000032)
    __rt_lib_init_fp_trap_1                  0x000001c5   Thumb Code     0  libinit2.o(.ARM.Collect$$libinit$$00000021)
    __rt_lib_init_getenv_1                   0x000001c5   Thumb Code     0  libinit2.o(.ARM.Collect$$libinit$$00000025)
    __rt_lib_init_lc_collate_1               0x000001c5   Thumb Code     0  libinit2.o(.ARM.Collect$$libinit$$00000013)
    __rt_lib_init_lc_ctype_1                 0x000001c5   Thumb Code     0  libinit2.o(.ARM.Collect$$libinit$$00000015)
    __rt_lib_init_lc_monetary_1              0x000001c5   Thumb Code     0  libinit2.o(.ARM.Collect$$libinit$$00000017)
    __rt_lib_init_lc_numeric_1               0x000001c5   Thumb Code     0  libinit2.o(.ARM.Collect$$libinit$$00000019)
    __rt_lib_init_lc_time_1                  0x000001c5   Thumb Code     0  libinit2.o(.ARM.Collect$$libinit$$0000001B)
    __rt_lib_init_rand_1                     0x000001c5   Thumb Code     0  libinit2.o(.ARM.Collect$$libinit$$00000010)
    __rt_lib_init_return                     0x000001c5   Thumb Code     0  libinit2.o(.ARM.Collect$$libinit$$00000035)
    __rt_lib_init_signal_1                   0x000001c5   Thumb Code     0  libinit2.o(.ARM.Collect$$libinit$$0000001F)
    __rt_lib_init_stdio_1                    0x000001c5   Thumb Code     0  libinit2.o(.ARM.Collect$$libinit$$00000027)
    __rt_lib_shutdown                        0x000001c7   Thumb Code     0  libshutdown.o(.ARM.Collect$$libshutdown$$00000000)
    __rt_lib_shutdown_cpp_1                  0x000001c9   Thumb Code     0  libshutdown2.o(.ARM.Collect$$libshutdown$$00000002)
    __rt_lib_shutdown_fp_trap_1              0x000001c9   Thumb Code     0  libshutdown2.o(.ARM.Collect$$libshutdown$$00000007)
    __rt_lib_shutdown_heap_1                 0x000001c9   Thumb Code     0  libshutdown2.o(.ARM.Collect$$libshutdown$$0000000F)
    __rt_lib_shutdown_return                 0x000001c9   Thumb Code     0  libshutdown2.o(.ARM.Collect$$libshutdown$$00000010)
    __rt_lib_shutdown_signal_1               0x000001c9   Thumb Code     0  libshutdown2.o(.ARM.Collect$$libshutdown$$0000000A)
    __rt_lib_shutdown_stdio_1                0x000001c9   Thumb Code     0  libshutdown2.o(.ARM.Collect$$libshutdown$$00000004)
    __rt_lib_shutdown_user_alloc_1           0x000001c9   Thumb Code     0  libshutdown2.o(.ARM.Collect$$libshutdown$$0000000C)
    __rt_entry                               0x000001cb   Thumb Code     0  __rtentry.o(.ARM.Collect$$rtentry$$00000000)
    __rt_entry_presh_1                       0x000001cb   Thumb Code     0  __rtentry2.o(.ARM.Collect$$rtentry$$00000002)
    __rt_entry_sh                            0x000001cb   Thumb Code     0  __rtentry4.o(.ARM.Collect$$rtentry$$00000004)
    __rt_entry_li                            0x000001d1   Thumb Code     0  __rtentry2.o(.ARM.Collect$$rtentry$$0000000A)
    __rt_entry_postsh_1                      0x000001d1   Thumb Code     0  __rtentry2.o(.ARM.Collect$$rtentry$$00000009)
    __rt_entry_main                          0x000001d5   Thumb Code     0  __rtentry2.o(.ARM.Collect$$rtentry$$0000000D)
    __rt_entry_postli_1                      0x000001d5   Thumb Code     0  __rtentry2.o(.ARM.Collect$$rtentry$$0000000C)
    __rt_exit                                0x000001dd   Thumb Code     0  rtexit.o(.ARM.Collect$$rtexit$$00000000)
    __rt_exit_ls                             0x000001df   Thumb Code     0  rtexit2.o(.ARM.Collect$$rtexit$$00000003)
    __rt_exit_prels_1                        0x000001df   Thumb Code     0  rtexit2.o(.ARM.Collect$$rtexit$$00000002)
    __rt_exit_exit                           0x000001e3   Thumb Code     0  rtexit2.o(.ARM.Collect$$rtexit$$00000004)
    rand                                     0x000001e9   Thumb Code    48  rand.o(.emb_text)
    Reset_Handler                            0x0000021d   Thumb Code     4  startup_lpc17xx.o(.text)
    NMI_Handler                              0x00000221   Thumb Code     2  startup_lpc17xx.o(.text)
    HardFault_Handler                        0x00000223   Thumb Code     2  startup_lpc17xx.o(.text)
    MemManage_Handler                        0x00000225   Thumb Code     2  startup_lpc17xx.o(.text)
    BusFault_Handler                         0x00000227   Thumb Code     2  startup_lpc17xx.o(.text)
    UsageFault_Handler                       0x00000229   Thumb Code     2  startup_lpc17xx.o(.text)
    SVC_Handler                              0x0000022b   Thumb Code     2  startup_lpc17xx.o(.text)
    DebugMon_Handler                         0x0000022d   Thumb Code     2  startup_lpc17xx.o(.text)
    PendSV_Handler                           0x0000022f   Thumb Code     2  startup_lpc17xx.o(.text)
    SysTick_Handler                          0x00000231   Thumb Code     2  startup_lpc17xx.o(.text)
    BOD_IRQHandler                           0x00000233   Thumb Code     0  startup_lpc17xx.o(.text)
    CANActivity_IRQHandler                   0x00000233   Thumb Code     0  startup_lpc17xx.o(.text)
    DMA_IRQHandler                           0x00000233   Thumb Code     0  startup_lpc17xx.o(.text)
    EINT3_IRQHandler                         0x00000233   Thumb Code     0  startup_lpc17xx.o(.text)
    ENET_IRQHandler                          0x00000233   Thumb Code     0  startup_lpc17xx.o(.text)
    I2C0_IRQHandler                          0x00000233   Thumb Code     0  startup_lpc17xx.o(.text)
    I2C1_IRQHandler                          0x00000233   Thumb Code     0  startup_lpc17xx.o(.text)
    I2C2_IRQHandler                          0x00000233   Thumb Code     0  startup_lpc17xx.o(.text)
    I2S_IRQHandler                           0x00000233   Thumb Code     0  startup_lpc17xx.o(.text)
    MCPWM_IRQHandler                         0x00000233   Thumb Code     0  startup_lpc17xx.o(.text)
    PLL0_IRQHandler                          0x00000233   Thumb Code     0  startup_lpc17xx.o(.text)
    PLL1_IRQHandler                          0x00000233   Thumb Code     0  startup_lpc17xx.o(.text)
    PWM1_IRQHandler                          0x00000233   Thumb Code     0  startup_lpc17xx.o(.text)
    QEI_IRQHandler                           0x00000233   Thumb Code     0  startup_lpc17xx.o(.text)
    RTC_IRQHandler                           0x00000233   Thumb Code     0  startup_lpc17xx.o(.text)
    SPI_IRQHandler                           0x00000233   Thumb Code     0  startup_lpc17xx.o(.text)
    SSP0_IRQHandler                          0x00000233   Thumb Code     0  startup_lpc17xx.o(.text)
    SSP1_IRQHandler                          0x00000233   Thumb Code     0  startup_lpc17xx.o(.text)
    UART0_IRQHandler                         0x00000233   Thumb Code     0  startup_lpc17xx.o(.text)
    UART1_IRQHandler                         0x00000233   Thumb Code     0  startup_lpc17xx.o(.text)
    UART2_IRQHandler                         0x00000233   Thumb Code     0  startup_lpc17xx.o(.text)
    UART3_IRQHandler                         0x00000233   Thumb Code     0  startup_lpc17xx.o(.text)
    USBActivity_IRQHandler                   0x00000233   Thumb Code     0  startup_lpc17xx.o(.text)
    USB_IRQHandler                           0x00000233   Thumb Code     0  startup_lpc17xx.o(.text)
    WDT_IRQHandler                           0x00000233   Thumb Code     0  startup_lpc17xx.o(.text)
    __user_initial_stackheap                 0x00000235   Thumb Code     0  startup_lpc17xx.o(.text)
    GetASCIICode                             0x00000251   Thumb Code    42  asciilib.o(.text)
    ADC_IRQHandler                           0x0000027d   Thumb Code    42  irq_adc.o(.text)
    joystick_init                            0x000002a9   Thumb Code    34  lib_joystick.o(.text)
    __2sprintf                               0x000002cd   Thumb Code    34  noretval__2sprintf.o(.text)
    __use_two_region_memory                  0x000002f5   Thumb Code     2  heapauxi.o(.text)
    __rt_heap_escrow$2region                 0x000002f7   Thumb Code     2  heapauxi.o(.text)
    __rt_heap_expand$2region                 0x000002f9   Thumb Code     2  heapauxi.o(.text)
    __I$use$semihosting                      0x000002fb   Thumb Code     0  use_no_semi.o(.text)
    __use_no_semihosting_swi                 0x000002fb   Thumb Code     2  use_no_semi.o(.text)
    LCD_DisplayPacMan                        0x00000301   Thumb Code   526  sample.o(.text)
    LCD_DisplayBlinky                        0x00000511   Thumb Code   144  sample.o(.text)
    displayLives                             0x000005a1   Thumb Code    96  sample.o(.text)
    main                                     0x00000601   Thumb Code   336  sample.o(.text)
    CAN_send                                 0x00000779   Thumb Code    68  map.o(.text)
    initializeBuffer                         0x000007bd   Thumb Code    98  map.o(.text)
    createTile                               0x00000821   Thumb Code     4  map.o(.text)
    createPillToRestore                      0x00000825   Thumb Code     4  map.o(.text)
    showScore                                0x00000829   Thumb Code    30  map.o(.text)
    victory                                  0x00000849   Thumb Code    60  map.o(.text)
    initializeMap                            0x0000088d   Thumb Code   164  map.o(.text)
    drawWall                                 0x00000931   Thumb Code    50  map.o(.text)
    drawPill                                 0x00000965   Thumb Code    60  map.o(.text)
    drawSuperPill                            0x000009a1   Thumb Code   120  map.o(.text)
    drawDoor                                 0x00000a19   Thumb Code    64  map.o(.text)
    drawMap                                  0x00000a59   Thumb Code   540  map.o(.text)
    currentIsPill                            0x00000c75   Thumb Code   310  map.o(.text)
    isGoingToCollide                         0x00000dad   Thumb Code   442  map.o(.text)
    nextIsWall                               0x00000f69   Thumb Code   230  map.o(.text)
    nextIsWallDirection                      0x00001051   Thumb Code   232  map.o(.text)
    is_wall                                  0x00001139   Thumb Code    26  map.o(.text)
    addToRestoreBuffer                       0x00001155   Thumb Code   134  map.o(.text)
    restorePills                             0x000011dd   Thumb Code   118  map.o(.text)
    drawBlack10x10                           0x00001255   Thumb Code    56  map.o(.text)
    restoreEatenBlinkySpot                   0x0000128d   Thumb Code   308  map.o(.text)
    SystemInit                               0x000013c1   Thumb Code   320  system_lpc17xx.o(.text)
    clearLives                               0x00001511   Thumb Code    96  irq_timer.o(.text)
    checkAvailableInput                      0x00001571   Thumb Code   110  irq_timer.o(.text)
    showGameOver                             0x000015e1   Thumb Code   156  irq_timer.o(.text)
    showVictory                              0x00001689   Thumb Code   156  irq_timer.o(.text)
    TIMER0_IRQHandler                        0x00001731   Thumb Code   388  irq_timer.o(.text)
    TIMER1_IRQHandler                        0x000018b5   Thumb Code   334  irq_timer.o(.text)
    TIMER2_IRQHandler                        0x00001a05   Thumb Code  1268  irq_timer.o(.text)
    TIMER3_IRQHandler                        0x00001f19   Thumb Code    66  irq_timer.o(.text)
    enable_timer                             0x00001f5d   Thumb Code    38  lib_timer.o(.text)
    disable_timer                            0x00001f85   Thumb Code    38  lib_timer.o(.text)
    reset_timer                              0x00001fad   Thumb Code    42  lib_timer.o(.text)
    init_timer                               0x00001fd9   Thumb Code   374  lib_timer.o(.text)
    LCD_Initialization                       0x00002151   Thumb Code  4466  glcd.o(.text)
    LCD_Clear                                0x000032c5   Thumb Code   292  glcd.o(.text)
    LCD_GetPoint                             0x000033e9   Thumb Code   356  glcd.o(.text)
    LCD_SetPoint                             0x0000354d   Thumb Code   322  glcd.o(.text)
    LCD_DrawLine                             0x00003691   Thumb Code   224  glcd.o(.text)
    PutChar                                  0x00003771   Thumb Code   102  glcd.o(.text)
    GUI_Text                                 0x000037d9   Thumb Code   158  glcd.o(.text)
    ADC_init                                 0x00003879   Thumb Code    72  lib_adc.o(.text)
    ADC_start_conversion                     0x000038c1   Thumb Code    18  lib_adc.o(.text)
    EINT0_IRQHandler                         0x000038d5   Thumb Code    68  irq_button.o(.text)
    EINT1_IRQHandler                         0x00003919   Thumb Code    68  irq_button.o(.text)
    EINT2_IRQHandler                         0x0000395d   Thumb Code    68  irq_button.o(.text)
    BUTTON_init                              0x000039a1   Thumb Code   124  lib_button.o(.text)
    playPacmanTheme                          0x00003a1d   Thumb Code   136  irq_rit.o(.text)
    RIT_IRQHandler                           0x00003aa5   Thumb Code   572  irq_rit.o(.text)
    enable_RIT                               0x00003cf1   Thumb Code    16  lib_rit.o(.text)
    disable_RIT                              0x00003d01   Thumb Code    16  lib_rit.o(.text)
    reset_RIT                                0x00003d11   Thumb Code    12  lib_rit.o(.text)
    init_RIT                                 0x00003d1d   Thumb Code    70  lib_rit.o(.text)
    playNote                                 0x00003d65   Thumb Code   128  music.o(.text)
    isNotePlaying                            0x00003de5   Thumb Code    36  music.o(.text)
    CAN_IRQHandler                           0x00003e09   Thumb Code   210  irq_can.o(.text)
    CAN_setup                                0x00003edd   Thumb Code   162  lib_can.o(.text)
    CAN_start                                0x00003f81   Thumb Code    32  lib_can.o(.text)
    CAN_waitReady                            0x00003fa1   Thumb Code    32  lib_can.o(.text)
    CAN_wrMsg                                0x00003fc1   Thumb Code   146  lib_can.o(.text)
    CAN_rdMsg                                0x00004055   Thumb Code   106  lib_can.o(.text)
    CAN_wrFilter                             0x000040c1   Thumb Code   566  lib_can.o(.text)
    CAN_Init                                 0x000042f9   Thumb Code   218  lib_can.o(.text)
    __printf                                 0x000043d3   Thumb Code   104  __printf.o(.text)
    _printf_int_dec                          0x0000443d   Thumb Code   104  _printf_dec.o(.text)
    srand                                    0x000044b5   Thumb Code    42  rand.o(.text)
    _rand_init                               0x000044df   Thumb Code     4  rand.o(.text)
    __aeabi_memclr4                          0x000044f1   Thumb Code     0  rt_memclr_w.o(.text)
    __aeabi_memclr8                          0x000044f1   Thumb Code     0  rt_memclr_w.o(.text)
    __rt_memclr_w                            0x000044f1   Thumb Code     0  rt_memclr_w.o(.text)
    _memset_w                                0x000044f5   Thumb Code    74  rt_memclr_w.o(.text)
    _printf_int_common                       0x0000453f   Thumb Code   178  _printf_intcommon.o(.text)
    _printf_char_common                      0x000045fb   Thumb Code    32  _printf_char_common.o(.text)
    _sputc                                   0x00004621   Thumb Code    10  _sputc.o(.text)
    __user_setup_stackheap                   0x0000462b   Thumb Code    74  sys_stackheap_outer.o(.text)
    exit                                     0x00004675   Thumb Code    18  exit.o(.text)
    __user_libspace                          0x00004689   Thumb Code     8  libspace.o(.text)
    __user_perproc_libspace                  0x00004689   Thumb Code     0  libspace.o(.text)
    __user_perthread_libspace                0x00004689   Thumb Code     0  libspace.o(.text)
    __semihosting_library_function           0x00004691   Thumb Code     0  indicate_semi.o(.text)
    _sys_exit                                0x00004691   Thumb Code     8  sys_exit.o(.text)
    __aeabi_d2uiz                            0x0000469d   Thumb Code     0  dfixu.o(x$fpl$dfixu)
    _dfixu                                   0x0000469d   Thumb Code    90  dfixu.o(x$fpl$dfixu)
    __aeabi_i2d                              0x000046f7   Thumb Code     0  dflt_clz.o(x$fpl$dflt)
    _dflt                                    0x000046f7   Thumb Code    46  dflt_clz.o(x$fpl$dflt)
    __aeabi_ui2d                             0x00004725   Thumb Code     0  dflt_clz.o(x$fpl$dfltu)
    _dfltu                                   0x00004725   Thumb Code    38  dflt_clz.o(x$fpl$dfltu)
    __aeabi_dmul                             0x0000474d   Thumb Code     0  dmul.o(x$fpl$dmul)
    _dmul                                    0x0000474d   Thumb Code   332  dmul.o(x$fpl$dmul)
    __fpl_dnaninf                            0x000048a1   Thumb Code   156  dnaninf.o(x$fpl$dnaninf)
    __fpl_dretinf                            0x0000493d   Thumb Code    12  dretinf.o(x$fpl$dretinf)
    __I$use$fp                               0x00004948   Number         0  usenofp.o(x$fpl$usenofp)
    Region$$Table$$Base                      0x00004f54   Number         0  anon$$obj.o(Region$$Table)
    Region$$Table$$Limit                     0x00004f94   Number         0  anon$$obj.o(Region$$Table)
    SystemFrequency                          0x10000000   Data           4  system_lpc17xx.o(.data.SystemFrequency)
    blinky2                                  0x10000004   Data         200  irq_timer.o(.data.blinky2)
    blinkys                                  0x100000cc   Data           8  irq_timer.o(.data.blinkys)
    current_xspd                             0x100000d4   Data           4  irq_timer.o(.data.current_xspd)
    ghost_speed                              0x100000d8   Data           4  sample.o(.data.ghost_speed)
    lives                                    0x100000dc   Data           4  sample.o(.data.lives)
    pacman0                                  0x100000e0   Data         200  irq_timer.o(.data.pacman0)
    pacman2                                  0x100001a8   Data         200  irq_timer.o(.data.pacman2)
    pacman_index                             0x10000270   Data           4  irq_timer.o(.data.pacman_index)
    pacmans                                  0x10000274   Data          16  irq_timer.o(.data.pacmans)
    pause                                    0x10000284   Data           4  sample.o(.data.pause)
    scared_blinky2                           0x10000288   Data         200  irq_timer.o(.data.scared_blinky2)
    timer                                    0x10000350   Data           4  sample.o(.data.timer)
    view_blinky                              0x10000354   Data           4  irq_timer.o(.data.view_blinky)
    x0                                       0x10000358   Data           4  irq_timer.o(.data.x0)
    x1                                       0x1000035c   Data           4  irq_timer.o(.data.x1)
    _random_number_data                      0x10000360   Data         228  rand.o(.bss)
    AD_current                               0x10000444   Data           2  irq_adc.o(.bss.AD_current)
    CAN_RxMsg                                0x10000448   Data          16  lib_can.o(.bss.CAN_RxMsg)
    CAN_TxMsg                                0x10000458   Data          16  lib_can.o(.bss.CAN_TxMsg)
    animation_cnt                            0x1000047c   Data           4  irq_timer.o(.bss.animation_cnt)
    b_cnt                                    0x10000480   Data           4  irq_timer.o(.bss.b_cnt)
    cord_x                                   0x10000484   Data           4  map.o(.bss.cord_x)
    curnote                                  0x10000488   Data           4  irq_rit.o(.bss.curnote)
    down_1                                   0x1000048c   Data           4  irq_rit.o(.bss.down_1)
    ghost_xspd                               0x10000490   Data           4  irq_timer.o(.bss.ghost_xspd)
    map                                      0x10000494   Data        6912  map.o(.bss.map)
    random_buffer                            0x10001f98   Data         960  map.o(.bss.random_buffer)
    readtime                                 0x10002358   Data           4  irq_can.o(.bss.readtime)
    remainingPills                           0x1000235c   Data           4  map.o(.bss.remainingPills)
    result                                   0x10002360   Data           4  lib_can.o(.bss.result)
    superTimer                               0x10002364   Data           4  map.o(.bss.superTimer)
    AD_last                                  0x2007c000   Data           2  irq_adc.o(.data.AD_last)
    SinTable                                 0x2007c002   Data          90  irq_timer.o(.data.SinTable)
    blinky1                                  0x2007c05c   Data         200  irq_timer.o(.data.blinky1)
    decrease_lives                           0x2007c124   Data           4  irq_timer.o(.data.decrease_lives)
    ending_image                             0x2007c128   Data        5760  ending_image.o(.data.ending_image)
    ghost_yspd                               0x2007d7a8   Data           4  irq_timer.o(.data.ghost_yspd)
    layout                                   0x2007d7ac   Data        2304  map.o(.data.layout)
    pacman1                                  0x2007e0ac   Data         200  irq_timer.o(.data.pacman1)
    pacman_life                              0x2007e174   Data         450  sample.o(.data.pacman_life)
    pacman_theme                             0x2007e338   Data         216  irq_rit.o(.data.pacman_theme)
    play_music                               0x2007e410   Data           4  irq_rit.o(.data.play_music)
    scared_blinky1                           0x2007e414   Data         200  irq_timer.o(.data.scared_blinky1)
    scared_blinkys                           0x2007e4dc   Data           8  irq_timer.o(.data.scared_blinkys)
    timer_spawn_blinky                       0x2007e4e4   Data           4  irq_timer.o(.data.timer_spawn_blinky)
    y0                                       0x2007e4e8   Data           4  irq_timer.o(.data.y0)
    y1                                       0x2007e4ec   Data           4  irq_timer.o(.data.y1)
    __libspace_start                         0x2007e4f0   Data          96  libspace.o(.bss)
    __temporary_stack_top$libspace           0x2007e550   Data           0  libspace.o(.bss)
    ScaleFlag                                0x2007e55c   Data           1  system_lpc17xx.o(.bss.ScaleFlag)
    blinky_index                             0x2007e560   Data           4  irq_timer.o(.bss.blinky_index)
    buffer_index                             0x2007e564   Data           4  map.o(.bss.buffer_index)
    cord_y                                   0x2007e568   Data           4  map.o(.bss.cord_y)
    current_yspd                             0x2007e56c   Data           4  irq_timer.o(.bss.current_yspd)
    down_0                                   0x2007e570   Data           4  irq_rit.o(.bss.down_0)
    down_2                                   0x2007e574   Data           4  irq_rit.o(.bss.down_2)
    empty_life                               0x2007e578   Data         450  sample.o(.bss.empty_life)
    gameover                                 0x2007e73c   Data           4  irq_timer.o(.bss.gameover)
    icr                                      0x2007e740   Data           1  lib_can.o(.bss.icr)
    nextInput                                0x2007e744   Data           4  sample.o(.bss.nextInput)
    pills_to_restore                         0x2007e748   Data          12  map.o(.bss.pills_to_restore)
    readlives                                0x2007e758   Data           4  irq_can.o(.bss.readlives)
    readscore                                0x2007e75c   Data           4  irq_can.o(.bss.readscore)
    score                                    0x2007e760   Data           4  map.o(.bss.score)
    scoreLivesCounter                        0x2007e764   Data           4  sample.o(.bss.scoreLivesCounter)
    superPacman                              0x2007e768   Data           4  map.o(.bss.superPacman)
    temp                                     0x2007e76c   Data           4  irq_timer.o(.bss.temp)



==============================================================================

Memory Map of the image

  Image Entry point : 0x000000cd

  Load Region LR_IROM1 (Base: 0x00000000, Size: 0x000077e8, Max: 0x00080000, ABSOLUTE, COMPRESSED[0x00005bbc])

    Execution Region ER_IROM1 (Exec base: 0x00000000, Load base: 0x00000000, Size: 0x00004f94, Max: 0x00080000, ABSOLUTE)

    Exec Addr    Load Addr    Size         Type   Attr      Idx    E Section Name        Object

    0x00000000   0x00000000   0x000000cc   Data   RO            3    RESET               startup_lpc17xx.o
    0x000000cc   0x000000cc   0x00000008   Code   RO          324  * !!!main             c_w.l(__main.o)
    0x000000d4   0x000000d4   0x0000005c   Code   RO          543    !!!scatter          c_w.l(__scatter.o)
    0x00000130   0x00000130   0x00000064   Code   RO          541    !!dclz77c           c_w.l(__dclz77c.o)
    0x00000194   0x00000194   0x00000002   Code   RO          544    !!handler_null      c_w.l(__scatter.o)
    0x00000196   0x00000196   0x00000002   PAD
    0x00000198   0x00000198   0x0000001c   Code   RO          547    !!handler_zi        c_w.l(__scatter_zi.o)
    0x000001b4   0x000001b4   0x00000000   Code   RO          312    .ARM.Collect$$_printf_percent$$00000000  c_w.l(_printf_percent.o)
    0x000001b4   0x000001b4   0x00000006   Code   RO          311    .ARM.Collect$$_printf_percent$$00000009  c_w.l(_printf_d.o)
    0x000001ba   0x000001ba   0x00000004   Code   RO          361    .ARM.Collect$$_printf_percent$$00000017  c_w.l(_printf_percent_end.o)
    0x000001be   0x000001be   0x00000002   Code   RO          458    .ARM.Collect$$libinit$$00000000  c_w.l(libinit.o)
    0x000001c0   0x000001c0   0x00000000   Code   RO          365    .ARM.Collect$$libinit$$00000002  c_w.l(libinit2.o)
    0x000001c0   0x000001c0   0x00000000   Code   RO          367    .ARM.Collect$$libinit$$00000004  c_w.l(libinit2.o)
    0x000001c0   0x000001c0   0x00000000   Code   RO          369    .ARM.Collect$$libinit$$00000006  c_w.l(libinit2.o)
    0x000001c0   0x000001c0   0x00000000   Code   RO          372    .ARM.Collect$$libinit$$0000000C  c_w.l(libinit2.o)
    0x000001c0   0x000001c0   0x00000000   Code   RO          374    .ARM.Collect$$libinit$$0000000E  c_w.l(libinit2.o)
    0x000001c0   0x000001c0   0x00000004   Code   RO          375    .ARM.Collect$$libinit$$0000000F  c_w.l(libinit2.o)
    0x000001c4   0x000001c4   0x00000000   Code   RO          376    .ARM.Collect$$libinit$$00000010  c_w.l(libinit2.o)
    0x000001c4   0x000001c4   0x00000000   Code   RO          379    .ARM.Collect$$libinit$$00000013  c_w.l(libinit2.o)
    0x000001c4   0x000001c4   0x00000000   Code   RO          381    .ARM.Collect$$libinit$$00000015  c_w.l(libinit2.o)
    0x000001c4   0x000001c4   0x00000000   Code   RO          383    .ARM.Collect$$libinit$$00000017  c_w.l(libinit2.o)
    0x000001c4   0x000001c4   0x00000000   Code   RO          385    .ARM.Collect$$libinit$$00000019  c_w.l(libinit2.o)
    0x000001c4   0x000001c4   0x00000000   Code   RO          387    .ARM.Collect$$libinit$$0000001B  c_w.l(libinit2.o)
    0x000001c4   0x000001c4   0x00000000   Code   RO          389    .ARM.Collect$$libinit$$0000001D  c_w.l(libinit2.o)
    0x000001c4   0x000001c4   0x00000000   Code   RO          391    .ARM.Collect$$libinit$$0000001F  c_w.l(libinit2.o)
    0x000001c4   0x000001c4   0x00000000   Code   RO          393    .ARM.Collect$$libinit$$00000021  c_w.l(libinit2.o)
    0x000001c4   0x000001c4   0x00000000   Code   RO          395    .ARM.Collect$$libinit$$00000023  c_w.l(libinit2.o)
    0x000001c4   0x000001c4   0x00000000   Code   RO          397    .ARM.Collect$$libinit$$00000025  c_w.l(libinit2.o)
    0x000001c4   0x000001c4   0x00000000   Code   RO          399    .ARM.Collect$$libinit$$00000027  c_w.l(libinit2.o)
    0x000001c4   0x000001c4   0x00000000   Code   RO          403    .ARM.Collect$$libinit$$0000002E  c_w.l(libinit2.o)
    0x000001c4   0x000001c4   0x00000000   Code   RO          405    .ARM.Collect$$libinit$$00000030  c_w.l(libinit2.o)
    0x000001c4   0x000001c4   0x00000000   Code   RO          407    .ARM.Collect$$libinit$$00000032  c_w.l(libinit2.o)
    0x000001c4   0x000001c4   0x00000000   Code   RO          409    .ARM.Collect$$libinit$$00000034  c_w.l(libinit2.o)
    0x000001c4   0x000001c4   0x00000002   Code   RO          410    .ARM.Collect$$libinit$$00000035  c_w.l(libinit2.o)
    0x000001c6   0x000001c6   0x00000002   Code   RO          500    .ARM.Collect$$libshutdown$$00000000  c_w.l(libshutdown.o)
    0x000001c8   0x000001c8   0x00000000   Code   RO          508    .ARM.Collect$$libshutdown$$00000002  c_w.l(libshutdown2.o)
    0x000001c8   0x000001c8   0x00000000   Code   RO          510    .ARM.Collect$$libshutdown$$00000004  c_w.l(libshutdown2.o)
    0x000001c8   0x000001c8   0x00000000   Code   RO          513    .ARM.Collect$$libshutdown$$00000007  c_w.l(libshutdown2.o)
    0x000001c8   0x000001c8   0x00000000   Code   RO          516    .ARM.Collect$$libshutdown$$0000000A  c_w.l(libshutdown2.o)
    0x000001c8   0x000001c8   0x00000000   Code   RO          518    .ARM.Collect$$libshutdown$$0000000C  c_w.l(libshutdown2.o)
    0x000001c8   0x000001c8   0x00000000   Code   RO          521    .ARM.Collect$$libshutdown$$0000000F  c_w.l(libshutdown2.o)
    0x000001c8   0x000001c8   0x00000002   Code   RO          522    .ARM.Collect$$libshutdown$$00000010  c_w.l(libshutdown2.o)
    0x000001ca   0x000001ca   0x00000000   Code   RO          354    .ARM.Collect$$rtentry$$00000000  c_w.l(__rtentry.o)
    0x000001ca   0x000001ca   0x00000000   Code   RO          423    .ARM.Collect$$rtentry$$00000002  c_w.l(__rtentry2.o)
    0x000001ca   0x000001ca   0x00000006   Code   RO          435    .ARM.Collect$$rtentry$$00000004  c_w.l(__rtentry4.o)
    0x000001d0   0x000001d0   0x00000000   Code   RO          425    .ARM.Collect$$rtentry$$00000009  c_w.l(__rtentry2.o)
    0x000001d0   0x000001d0   0x00000004   Code   RO          426    .ARM.Collect$$rtentry$$0000000A  c_w.l(__rtentry2.o)
    0x000001d4   0x000001d4   0x00000000   Code   RO          428    .ARM.Collect$$rtentry$$0000000C  c_w.l(__rtentry2.o)
    0x000001d4   0x000001d4   0x00000008   Code   RO          429    .ARM.Collect$$rtentry$$0000000D  c_w.l(__rtentry2.o)
    0x000001dc   0x000001dc   0x00000002   Code   RO          466    .ARM.Collect$$rtexit$$00000000  c_w.l(rtexit.o)
    0x000001de   0x000001de   0x00000000   Code   RO          478    .ARM.Collect$$rtexit$$00000002  c_w.l(rtexit2.o)
    0x000001de   0x000001de   0x00000004   Code   RO          479    .ARM.Collect$$rtexit$$00000003  c_w.l(rtexit2.o)
    0x000001e2   0x000001e2   0x00000006   Code   RO          480    .ARM.Collect$$rtexit$$00000004  c_w.l(rtexit2.o)
    0x000001e8   0x000001e8   0x00000034   Code   RO          313    .emb_text           c_w.l(rand.o)
    0x0000021c   0x0000021c   0x00000034   Code   RO            5    .text               startup_lpc17xx.o
    0x00000250   0x00000250   0x0000002a   Code   RO          116    .text               asciilib.o
    0x0000027a   0x0000027a   0x00000002   PAD
    0x0000027c   0x0000027c   0x0000002a   Code   RO          156    .text               irq_adc.o
    0x000002a6   0x000002a6   0x00000002   PAD
    0x000002a8   0x000002a8   0x00000022   Code   RO          193    .text               lib_joystick.o
    0x000002ca   0x000002ca   0x00000002   PAD
    0x000002cc   0x000002cc   0x00000028   Code   RO          285    .text               c_w.l(noretval__2sprintf.o)
    0x000002f4   0x000002f4   0x00000006   Code   RO          322    .text               c_w.l(heapauxi.o)
    0x000002fa   0x000002fa   0x00000002   Code   RO          474    .text               c_w.l(use_no_semi.o)
    0x000002fc   0x000002fc   0x00000004   Code   RO            4    .ARM.__at_0x02FC    startup_lpc17xx.o
    0x00000300   0x00000300   0x00000478   Code   RO           13    .text               sample.o
    0x00000778   0x00000778   0x00000c48   Code   RO           31    .text               map.o
    0x000013c0   0x000013c0   0x00000150   Code   RO           58    .text               system_lpc17xx.o
    0x00001510   0x00001510   0x00000a4a   Code   RO           68    .text               irq_timer.o
    0x00001f5a   0x00001f5a   0x00000002   PAD
    0x00001f5c   0x00001f5c   0x000001f2   Code   RO          108    .text               lib_timer.o
    0x0000214e   0x0000214e   0x00000002   PAD
    0x00002150   0x00002150   0x00001726   Code   RO          125    .text               glcd.o
    0x00003876   0x00003876   0x00000002   PAD
    0x00003878   0x00003878   0x0000005a   Code   RO          165    .text               lib_adc.o
    0x000038d2   0x000038d2   0x00000002   PAD
    0x000038d4   0x000038d4   0x000000cc   Code   RO          172    .text               irq_button.o
    0x000039a0   0x000039a0   0x0000007c   Code   RO          179    .text               lib_button.o
    0x00003a1c   0x00003a1c   0x000002d4   Code   RO          217    .text               irq_rit.o
    0x00003cf0   0x00003cf0   0x00000072   Code   RO          237    .text               lib_rit.o
    0x00003d62   0x00003d62   0x00000002   PAD
    0x00003d64   0x00003d64   0x000000a4   Code   RO          245    .text               music.o
    0x00003e08   0x00003e08   0x000000d2   Code   RO          253    .text               irq_can.o
    0x00003eda   0x00003eda   0x00000002   PAD
    0x00003edc   0x00003edc   0x000004f6   Code   RO          265    .text               lib_can.o
    0x000043d2   0x000043d2   0x00000068   Code   RO          287    .text               c_w.l(__printf.o)
    0x0000443a   0x0000443a   0x00000002   PAD
    0x0000443c   0x0000443c   0x00000078   Code   RO          289    .text               c_w.l(_printf_dec.o)
    0x000044b4   0x000044b4   0x0000003c   Code   RO          314    .text               c_w.l(rand.o)
    0x000044f0   0x000044f0   0x0000004e   Code   RO          320    .text               c_w.l(rt_memclr_w.o)
    0x0000453e   0x0000453e   0x000000b2   Code   RO          355    .text               c_w.l(_printf_intcommon.o)
    0x000045f0   0x000045f0   0x00000030   Code   RO          357    .text               c_w.l(_printf_char_common.o)
    0x00004620   0x00004620   0x0000000a   Code   RO          359    .text               c_w.l(_sputc.o)
    0x0000462a   0x0000462a   0x0000004a   Code   RO          445    .text               c_w.l(sys_stackheap_outer.o)
    0x00004674   0x00004674   0x00000012   Code   RO          447    .text               c_w.l(exit.o)
    0x00004686   0x00004686   0x00000002   PAD
    0x00004688   0x00004688   0x00000008   Code   RO          463    .text               c_w.l(libspace.o)
    0x00004690   0x00004690   0x00000000   Code   RO          476    .text               c_w.l(indicate_semi.o)
    0x00004690   0x00004690   0x0000000c   Code   RO          490    .text               c_w.l(sys_exit.o)
    0x0000469c   0x0000469c   0x0000005a   Code   RO          342    x$fpl$dfixu         fz_ws.l(dfixu.o)
    0x000046f6   0x000046f6   0x0000002e   Code   RO          347    x$fpl$dflt          fz_ws.l(dflt_clz.o)
    0x00004724   0x00004724   0x00000026   Code   RO          346    x$fpl$dfltu         fz_ws.l(dflt_clz.o)
    0x0000474a   0x0000474a   0x00000002   PAD
    0x0000474c   0x0000474c   0x00000154   Code   RO          352    x$fpl$dmul          fz_ws.l(dmul.o)
    0x000048a0   0x000048a0   0x0000009c   Code   RO          417    x$fpl$dnaninf       fz_ws.l(dnaninf.o)
    0x0000493c   0x0000493c   0x0000000c   Code   RO          419    x$fpl$dretinf       fz_ws.l(dretinf.o)
    0x00004948   0x00004948   0x00000000   Code   RO          421    x$fpl$usenofp       fz_ws.l(usenofp.o)
    0x00004948   0x00004948   0x000005f0   Data   RO          118    .rodata.AsciiLib    asciilib.o
    0x00004f38   0x00004f38   0x00000017   Data   RO           84    .rodata.str1.1      irq_timer.o
    0x00004f4f   0x00004f4f   0x00000003   Data   RO          258    .rodata.str1.1      irq_can.o
    0x00004f52   0x00004f52   0x00000002   PAD
    0x00004f54   0x00004f54   0x00000040   Data   RO          540    Region$$Table       anon$$obj.o


    Execution Region RW_IRAM1 (Exec base: 0x10000000, Load base: 0x00004f98, Size: 0x00002768, Max: 0x00008000, ABSOLUTE, COMPRESSED[0x000000b8])

    Exec Addr    Load Addr    Size         Type   Attr      Idx    E Section Name        Object

    0x10000000   COMPRESSED   0x00000004   Data   RW           60    .data.SystemFrequency  system_lpc17xx.o
    0x10000004   COMPRESSED   0x000000c8   Data   RW           91    .data.blinky2       irq_timer.o
    0x100000cc   COMPRESSED   0x00000008   Data   RW           94    .data.blinkys       irq_timer.o
    0x100000d4   COMPRESSED   0x00000004   Data   RW           80    .data.current_xspd  irq_timer.o
    0x100000d8   COMPRESSED   0x00000004   Data   RW           22    .data.ghost_speed   sample.o
    0x100000dc   COMPRESSED   0x00000004   Data   RW           20    .data.lives         sample.o
    0x100000e0   COMPRESSED   0x000000c8   Data   RW           72    .data.pacman0       irq_timer.o
    0x100001a8   COMPRESSED   0x000000c8   Data   RW           74    .data.pacman2       irq_timer.o
    0x10000270   COMPRESSED   0x00000004   Data   RW           76    .data.pacman_index  irq_timer.o
    0x10000274   COMPRESSED   0x00000010   Data   RW           75    .data.pacmans       irq_timer.o
    0x10000284   COMPRESSED   0x00000004   Data   RW           18    .data.pause         sample.o
    0x10000288   COMPRESSED   0x000000c8   Data   RW           93    .data.scared_blinky2  irq_timer.o
    0x10000350   COMPRESSED   0x00000004   Data   RW           17    .data.timer         sample.o
    0x10000354   COMPRESSED   0x00000004   Data   RW           78    .data.view_blinky   irq_timer.o
    0x10000358   COMPRESSED   0x00000004   Data   RW           82    .data.x0            irq_timer.o
    0x1000035c   COMPRESSED   0x00000004   Data   RW           87    .data.x1            irq_timer.o
    0x10000360        -       0x000000e4   Zero   RW          315    .bss                c_w.l(rand.o)
    0x10000444        -       0x00000002   Zero   RW          159    .bss.AD_current     irq_adc.o
    0x10000446   COMPRESSED   0x00000002   PAD
    0x10000448        -       0x00000010   Zero   RW          273    .bss.CAN_RxMsg      lib_can.o
    0x10000458        -       0x00000010   Zero   RW          272    .bss.CAN_TxMsg      lib_can.o
    0x10000468        -       0x00000004   Zero   RW          271    .bss.CAN_wrFilter.CAN_ext_cnt  lib_can.o
    0x1000046c        -       0x00000004   Zero   RW          229    .bss.RIT_IRQHandler.j_right  irq_rit.o
    0x10000470        -       0x00000004   Zero   RW          227    .bss.RIT_IRQHandler.j_select  irq_rit.o
    0x10000474        -       0x00000004   Zero   RW          231    .bss.RIT_IRQHandler.j_up  irq_rit.o
    0x10000478        -       0x00000004   Zero   RW           85    .bss.TIMER0_IRQHandler.sineticks  irq_timer.o
    0x1000047c        -       0x00000004   Zero   RW           89    .bss.animation_cnt  irq_timer.o
    0x10000480        -       0x00000004   Zero   RW           99    .bss.b_cnt          irq_timer.o
    0x10000484        -       0x00000004   Zero   RW           41    .bss.cord_x         map.o
    0x10000488        -       0x00000004   Zero   RW          223    .bss.curnote        irq_rit.o
    0x1000048c        -       0x00000004   Zero   RW          220    .bss.down_1         irq_rit.o
    0x10000490        -       0x00000004   Zero   RW           97    .bss.ghost_xspd     irq_timer.o
    0x10000494        -       0x00001b00   Zero   RW           37    .bss.map            map.o
    0x10001f94        -       0x00000004   Zero   RW          225    .bss.playPacmanTheme.currentNote  irq_rit.o
    0x10001f98        -       0x000003c0   Zero   RW           35    .bss.random_buffer  map.o
    0x10002358        -       0x00000004   Zero   RW          256    .bss.readtime       irq_can.o
    0x1000235c        -       0x00000004   Zero   RW           34    .bss.remainingPills  map.o
    0x10002360        -       0x00000004   Zero   RW          268    .bss.result         lib_can.o
    0x10002364        -       0x00000004   Zero   RW           39    .bss.superTimer     map.o
    0x10002368        -       0x00000000   Zero   RW            2    HEAP                startup_lpc17xx.o
    0x10002368        -       0x00000400   Zero   RW            1    STACK               startup_lpc17xx.o


    Execution Region RW_IRAM2 (Exec base: 0x2007c000, Load base: 0x00005050, Size: 0x00002770, Max: 0x00008000, ABSOLUTE, COMPRESSED[0x00000b6c])

    Exec Addr    Load Addr    Size         Type   Attr      Idx    E Section Name        Object

    0x2007c000   COMPRESSED   0x00000002   Data   RW          158    .data.AD_last       irq_adc.o
    0x2007c002   COMPRESSED   0x0000005a   Data   RW           71    .data.SinTable      irq_timer.o
    0x2007c05c   COMPRESSED   0x000000c8   Data   RW           90    .data.blinky1       irq_timer.o
    0x2007c124   COMPRESSED   0x00000004   Data   RW           70    .data.decrease_lives  irq_timer.o
    0x2007c128   COMPRESSED   0x00001680   Data   RW           53    .data.ending_image  ending_image.o
    0x2007d7a8   COMPRESSED   0x00000004   Data   RW           98    .data.ghost_yspd    irq_timer.o
    0x2007d7ac   COMPRESSED   0x00000900   Data   RW           36    .data.layout        map.o
    0x2007e0ac   COMPRESSED   0x000000c8   Data   RW           73    .data.pacman1       irq_timer.o
    0x2007e174   COMPRESSED   0x000001c2   Data   RW           15    .data.pacman_life   sample.o
    0x2007e336   COMPRESSED   0x00000002   PAD
    0x2007e338   COMPRESSED   0x000000d8   Data   RW          222    .data.pacman_theme  irq_rit.o
    0x2007e410   COMPRESSED   0x00000004   Data   RW          224    .data.play_music    irq_rit.o
    0x2007e414   COMPRESSED   0x000000c8   Data   RW           92    .data.scared_blinky1  irq_timer.o
    0x2007e4dc   COMPRESSED   0x00000008   Data   RW           95    .data.scared_blinkys  irq_timer.o
    0x2007e4e4   COMPRESSED   0x00000004   Data   RW           79    .data.timer_spawn_blinky  irq_timer.o
    0x2007e4e8   COMPRESSED   0x00000004   Data   RW           83    .data.y0            irq_timer.o
    0x2007e4ec   COMPRESSED   0x00000004   Data   RW           88    .data.y1            irq_timer.o
    0x2007e4f0        -       0x00000060   Zero   RW          464    .bss                c_w.l(libspace.o)
    0x2007e550        -       0x00000004   Zero   RW          270    .bss.CAN_wrFilter.CAN_std_cnt  lib_can.o
    0x2007e554        -       0x00000004   Zero   RW          230    .bss.RIT_IRQHandler.j_down  irq_rit.o
    0x2007e558        -       0x00000004   Zero   RW          228    .bss.RIT_IRQHandler.j_left  irq_rit.o
    0x2007e55c        -       0x00000001   Zero   RW           61    .bss.ScaleFlag      system_lpc17xx.o
    0x2007e55d   COMPRESSED   0x00000003   PAD
    0x2007e560        -       0x00000004   Zero   RW           96    .bss.blinky_index   irq_timer.o
    0x2007e564        -       0x00000004   Zero   RW           42    .bss.buffer_index   map.o
    0x2007e568        -       0x00000004   Zero   RW           40    .bss.cord_y         map.o
    0x2007e56c        -       0x00000004   Zero   RW           81    .bss.current_yspd   irq_timer.o
    0x2007e570        -       0x00000004   Zero   RW          219    .bss.down_0         irq_rit.o
    0x2007e574        -       0x00000004   Zero   RW          221    .bss.down_2         irq_rit.o
    0x2007e578        -       0x000001c2   Zero   RW           16    .bss.empty_life     sample.o
    0x2007e73a   COMPRESSED   0x00000002   PAD
    0x2007e73c        -       0x00000004   Zero   RW           77    .bss.gameover       irq_timer.o
    0x2007e740        -       0x00000001   Zero   RW          267    .bss.icr            lib_can.o
    0x2007e741   COMPRESSED   0x00000003   PAD
    0x2007e744        -       0x00000004   Zero   RW           19    .bss.nextInput      sample.o
    0x2007e748        -       0x0000000c   Zero   RW           44    .bss.pills_to_restore  map.o
    0x2007e754        -       0x00000004   Zero   RW          226    .bss.playPacmanTheme.ticks  irq_rit.o
    0x2007e758        -       0x00000004   Zero   RW          255    .bss.readlives      irq_can.o
    0x2007e75c        -       0x00000004   Zero   RW          257    .bss.readscore      irq_can.o
    0x2007e760        -       0x00000004   Zero   RW           33    .bss.score          map.o
    0x2007e764        -       0x00000004   Zero   RW           21    .bss.scoreLivesCounter  sample.o
    0x2007e768        -       0x00000004   Zero   RW           38    .bss.superPacman    map.o
    0x2007e76c        -       0x00000004   Zero   RW           86    .bss.temp           irq_timer.o


==============================================================================

Image component sizes


      Code (inc. data)   RO Data    RW Data    ZI Data      Debug   Object Name

        42          0       1520          0          0        697   asciilib.o
         0          0          0       5760          0        533   ending_image.o
      5926          0          0          0          0      18184   glcd.o
        42          0          0          2          2       1153   irq_adc.o
       204          0          0          0          0       4047   irq_button.o
       210          0          3          0         12       1721   irq_can.o
       724         16          0        220         44       5832   irq_rit.o
      2634         60         23       1562         32       6790   irq_timer.o
        90          0          0          0          0       4209   lib_adc.o
       124          0          0          0          0       5610   lib_button.o
      1270          0          0          0         45       8633   lib_can.o
        34          0          0          0          0       2564   lib_joystick.o
       114          0          0          0          0       3600   lib_rit.o
       498         20          0          0          0       4904   lib_timer.o
      3144         14          0       2304       7912       9222   map.o
       164          0          0          0          0       2242   music.o
      1144         40          0        466        458       6325   sample.o
        56         22        204          0       1024       1068   startup_lpc17xx.o
       336         20          0          4          1       2183   system_lpc17xx.o

    ----------------------------------------------------------------------
     16774        192       1816      10320       9540      89517   Object Totals
         0          0         64          0          0          0   (incl. Generated)
        18          0          2          2         10          0   (incl. Padding)

    ----------------------------------------------------------------------

      Code (inc. data)   RO Data    RW Data    ZI Data      Debug   Library Member Name

       100          0          0          0          0          0   __dclz77c.o
         8          0          0          0          0         68   __main.o
       104          0          0          0          0         84   __printf.o
         0          0          0          0          0          0   __rtentry.o
        12          0          0          0          0          0   __rtentry2.o
         6          0          0          0          0          0   __rtentry4.o
        94          8          0          0          0          0   __scatter.o
        28          0          0          0          0          0   __scatter_zi.o
        48          6          0          0          0         96   _printf_char_common.o
         6          0          0          0          0          0   _printf_d.o
       120         16          0          0          0         92   _printf_dec.o
       178          0          0          0          0         88   _printf_intcommon.o
         0          0          0          0          0          0   _printf_percent.o
         4          0          0          0          0          0   _printf_percent_end.o
        10          0          0          0          0         68   _sputc.o
        18          0          0          0          0         80   exit.o
         6          0          0          0          0        152   heapauxi.o
         0          0          0          0          0          0   indicate_semi.o
         2          0          0          0          0          0   libinit.o
         6          0          0          0          0          0   libinit2.o
         2          0          0          0          0          0   libshutdown.o
         2          0          0          0          0          0   libshutdown2.o
         8          4          0          0         96         68   libspace.o
        40          6          0          0          0         84   noretval__2sprintf.o
       112         18          0          0        228        160   rand.o
        78          0          0          0          0         80   rt_memclr_w.o
         2          0          0          0          0          0   rtexit.o
        10          0          0          0          0          0   rtexit2.o
        12          4          0          0          0         68   sys_exit.o
        74          0          0          0          0         80   sys_stackheap_outer.o
         2          0          0          0          0         68   use_no_semi.o
        90          4          0          0          0         92   dfixu.o
        84          0          0          0          0        136   dflt_clz.o
       340         12          0          0          0        104   dmul.o
       156          4          0          0          0         92   dnaninf.o
        12          0          0          0          0         68   dretinf.o
         0          0          0          0          0          0   usenofp.o

    ----------------------------------------------------------------------
      1782         82          0          0        324       1828   Library Totals
         8          0          0          0          0          0   (incl. Padding)

    ----------------------------------------------------------------------

      Code (inc. data)   RO Data    RW Data    ZI Data      Debug   Library Name

      1092         62          0          0        324       1336   c_w.l
       682         20          0          0          0        492   fz_ws.l

    ----------------------------------------------------------------------
      1782         82          0          0        324       1828   Library Totals

    ----------------------------------------------------------------------

==============================================================================


      Code (inc. data)   RO Data    RW Data    ZI Data      Debug   

     18556        274       1816      10320       9864      90205   Grand Totals
     18556        274       1816       3108       9864      90205   ELF Image Totals (compressed)
     18556        274       1816       3108          0          0   ROM Totals

==============================================================================

    Total RO  Size (Code + RO Data)                20372 (  19.89kB)
    Total RW  Size (RW Data + ZI Data)             20184 (  19.71kB)
    Total ROM Size (Code + RO Data + RW Data)      23480 (  22.93kB)

==============================================================================

